evo     loaded  brains/EURUSD.evo.json  risk=conservative  sugar OFF×1.00  sdyn OFF  fuse-dyn ON  fuse=trend,momentum,volume,breadth,structure  SL 2.76 TP 11.8  snow on  mart off
sim account $100,000  leverage 1:100  commission $7.00/lot RT  slip 0.2 pip  spread 0.00010  quote USD
sizing  0.70% of equity per trade, scaled by Bayesian half-Kelly  lot 0.01-20.00  margin cap 25% of free  (conservative ×0.70)
risk-tol  conservative  overlay SL 1.90 / TP 8.0 ATR  BANC exit <0.72  fade flatten  uncertainty ≥0.78  vol spike ATR×1.85  kill flatten
confidence  plausibility bar starts 45% (base 45%; evolves with calibration)
params  SL 2.76 ATR  TP 11.8 ATR  trail 3.21/1.86  RSI arm 51/47  min |impulse| 0.50
tax  24.0%  model=ordinary  (estimate at report time)
learn  frozen for this replay (traces loaded, rewards off)
brain   params  SL 2.76 ATR  RSI arm 51/47  impulse>=0.50
brain   loaded brains/EURUSD.json  DA n=394
risk  dynamic tape  spread/stop, ATR regime, London-NY liquidity, chase, heat  (same rules on every pair; stored pair risk_factors are not applied)
committee  cat-fuse  DYNAMIC TREND/RANGE/BREAK/QUIET  allow {trend, momentum, volume, breadth, structure} inverse-var mix → {tech, fly-trend, fly-fade} 2oo3   both BUY and SELL   parallel: flow-algo   fusion: Kalman+Bayes gate + fly-conf (native votes, abstain only)
pair-book  off  EURUSD frozen factory 2oo3
snowball  on  add up to 2×55% of first lots  when fly-trend agrees, profit is past BE but not yet trailing, pullback from the extreme
martingale  OFF (--no-martingale)
plastic  on  PAM/PPL dopamine × eligibility on readout + sensory gains (connectome W frozen)
BANC    female cluster net n=36  banc-clusters  risk voter mixed with MaleCNS ol_sensory+vnc_sensory  (full 188k edgelist needs CAVE_TOKEN)
sugar   native GRN lamp  23 cells  0.45×nice on the risk pass  (4k-era: eat every 2oo3, no skip/flatten; check sugar feed for the overlay)
rails   fly-trader kill 1.5% DD  (0.8% after snowball)  circuit 3 losses  pair-admit 2 trades / PF≥1.00 then full size
[2026-09-07 18:05] 1.16279  raw t=HOLD f=HOLD tech=HOLD  fused T=HOLD t=HOLD f=HOLD cf=HOLD  → HOLD no-tech  k=+0.50 RSI=50  BANC×1.00  sugar lamp feed 0.09  eq $100000.00
[2026-09-08 00:45] 1.16293  raw t=HOLD f=HOLD tech=HOLD  fused T=HOLD t=HOLD f=HOLD cf=HOLD  → HOLD no-tech  k=+0.66 RSI=47  BANC×1.00  sugar lamp feed 0.09  eq $100000.00
[2026-09-08 07:25] 1.16184  raw t=HOLD f=HOLD tech=HOLD  fused T=HOLD t=HOLD f=HOLD cf=HOLD  → HOLD no-tech  k=+0.12 RSI=31  BANC×1.00  sugar lamp feed 0.09  eq $100000.00
[2026-09-08 14:05] 1.16252  raw t=HOLD f=HOLD tech=HOLD  fused T=HOLD t=HOLD f=HOLD cf=HOLD  → HOLD no-tech  k=+0.18 RSI=55  BANC×1.06  sugar lamp feed 0.25  eq $100000.00
[2026-09-08 20:45] 1.16252  raw t=HOLD f=HOLD tech=HOLD  fused T=HOLD t=HOLD f=HOLD cf=HOLD  → HOLD no-tech  k=+0.36 RSI=38  BANC×1.06  sugar lamp feed 0.25  eq $100000.00
[2026-09-09 03:25] 1.16333  raw t=HOLD f=HOLD tech=BUY   fused T=BUY  t=HOLD f=HOLD cf=HOLD  → BUY  1oo3-bounce  k=+0.75 RSI=50  BANC×1.06  sugar lamp feed 0.25  eq $100000.00
[2026-09-09 07:00] skip BUY: cost/stop 0.27 (need <=0.22)
[2026-09-09 07:05] skip BUY: cost/stop 0.27 (need <=0.22)
[2026-09-09 07:25] skip BUY: cost/stop 0.27 (need <=0.22)
[2026-09-09 07:35] skip BUY: cost/stop 0.29 (need <=0.22)
[2026-09-09 07:40] skip BUY: cost/stop 0.27 (need <=0.22)
[2026-09-09 07:45] skip BUY: cost/stop 0.28 (need <=0.22)
[2026-09-09 08:10] skip BUY: cost/stop 0.28 (need <=0.22)
[2026-09-09 08:25] skip BUY: cost/stop 0.27 (need <=0.22)
[2026-09-09 08:35] skip BUY: cost/stop 0.27 (need <=0.22)
[2026-09-09 08:45] skip BUY: cost/stop 0.27 (need <=0.22)
[2026-09-09 09:00] skip BUY: cost/stop 0.31 (need <=0.22)
[2026-09-09 09:15] skip BUY: cost/stop 0.31 (need <=0.22)
[2026-09-09 09:30] skip BUY: cost/stop 0.31 (need <=0.22)
[2026-09-09 10:00] skip BUY: day bias DOWN
[2026-09-09 10:05] 1.16293  raw t=BUY  f=BUY  tech=HOLD  fused T=HOLD t=BUY  f=BUY  cf=BUY   → HOLD no-tech  k=+0.42 RSI=35  BANC×1.10  sugar lamp feed 0.27  eq $100000.00
[2026-09-09 12:55] skip BUY: cost/stop 0.27 (need <=0.22)
[2026-09-09 13:00] skip BUY: cost/stop 0.28 (need <=0.22)
[2026-09-09 13:05] skip BUY: cost/stop 0.27 (need <=0.22)
[2026-09-09 13:10] skip BUY: cost/stop 0.27 (need <=0.22)
[2026-09-09 13:15] skip BUY: cost/stop 0.28 (need <=0.22)
[2026-09-09 13:30] skip BUY: cost/stop 0.27 (need <=0.22)
[2026-09-09 13:40] skip BUY: cost/stop 0.29 (need <=0.22)
[2026-09-09 14:00] skip BUY: cost/stop 0.28 (need <=0.22)
[2026-09-09 14:10] skip BUY: cost/stop 0.28 (need <=0.22)
[2026-09-09 14:25] skip BUY: cost/stop 0.28 (need <=0.22)
[2026-09-09 14:35] skip BUY: cost/stop 0.28 (need <=0.22)
[2026-09-09 14:50] skip BUY: cost/stop 0.27 (need <=0.22)
[2026-09-09 15:15] skip BUY: day bias DOWN
[2026-09-09 15:25] skip BUY: day bias DOWN
[2026-09-09 15:35] skip BUY: day bias DOWN
[2026-09-09 16:45] 1.16414  raw t=HOLD f=HOLD tech=HOLD  fused T=HOLD t=HOLD f=HOLD cf=HOLD  → HOLD no-tech  k=-0.17 RSI=57  BANC×1.07  sugar lamp feed 0.26  eq $100000.00
[2026-09-09 23:25] 1.16401  raw t=HOLD f=HOLD tech=HOLD  fused T=HOLD t=HOLD f=HOLD cf=HOLD  → HOLD no-tech  k=+0.60 RSI=52  BANC×1.07  sugar lamp feed 0.26  eq $100000.00
[2026-09-10 06:05] 1.16428  raw t=HOLD f=HOLD tech=BUY   fused T=BUY  t=HOLD f=HOLD cf=HOLD  → HOLD 1oo3-skip (cont t=HOLD f=HOLD)  k=+0.74 RSI=59  BANC×1.07  sugar lamp feed 0.26  eq $100000.00
[2026-09-10 07:05] skip BUY: cost/stop 0.28 (need <=0.22)
[2026-09-10 07:15] skip BUY: cost/stop 0.28 (need <=0.22)
[2026-09-10 07:30] skip BUY: cost/stop 0.28 (need <=0.22)
[2026-09-10 08:05] skip BUY: cost/stop 0.27 (need <=0.22)
[2026-09-10 08:15] skip BUY: cost/stop 0.27 (need <=0.22)
[2026-09-10 08:25] skip BUY: cost/stop 0.27 (need <=0.22)
[2026-09-10 08:35] skip BUY: cost/stop 0.27 (need <=0.22)
[2026-09-10 08:45] skip BUY: cost/stop 0.27 (need <=0.22)
[2026-09-10 08:55] skip BUY: cost/stop 0.29 (need <=0.22)
[2026-09-10 09:05] skip BUY: cost/stop 0.31 (need <=0.22)
[2026-09-10 09:25] skip BUY: cost/stop 0.32 (need <=0.22)
[2026-09-10 09:35] skip BUY: day bias DOWN
[2026-09-10 12:45] 1.16117  raw t=SELL f=BUY  tech=HOLD  fused T=HOLD t=SELL f=BUY  cf=SELL  → HOLD no-tech  k=-0.91 RSI=41  BANC×1.05  sugar lamp feed 0.26  eq $100000.00
[2026-09-10 19:25] 1.16158  raw t=HOLD f=HOLD tech=HOLD  fused T=HOLD t=HOLD f=HOLD cf=HOLD  → HOLD no-tech  k=-0.60 RSI=41  BANC×1.08  sugar lamp feed 0.26  eq $100000.00
[2026-09-11 02:05] 1.16131  raw t=HOLD f=HOLD tech=BUY   fused T=BUY  t=HOLD f=HOLD cf=HOLD  → BUY  1oo3-bounce  k=+0.66 RSI=35  BANC×1.08  sugar lamp feed 0.26  eq $100000.00
[2026-09-11 07:20] skip BUY: day bias DOWN
[2026-09-11 07:30] skip BUY: day bias DOWN
[2026-09-11 08:45] 1.16050  raw t=SELL f=BUY  tech=HOLD  fused T=HOLD t=SELL f=BUY  cf=BUY   → HOLD no-tech  k=-0.57 RSI=40  BANC×1.10  sugar lamp feed 0.27  eq $100000.00
[2026-09-11 15:25] 1.16077  raw t=BUY  f=BUY  tech=HOLD  fused T=HOLD t=BUY  f=BUY  cf=BUY   → HOLD no-tech  k=+0.76 RSI=45  BANC×1.08  sugar lamp feed 0.26  eq $100000.00
[2026-09-11 15:30] skip BUY: day bias DOWN
[2026-09-11 15:40] skip BUY: day bias DOWN
[2026-09-11 15:55] skip BUY: day bias DOWN
[2026-09-13 23:35] 1.15942  raw t=HOLD f=HOLD tech=HOLD  fused T=HOLD t=HOLD f=HOLD cf=HOLD  → HOLD no-tech  k=-0.02 RSI=40  BANC×1.09  sugar lamp feed 0.26  eq $100000.00
[2026-09-14 06:15] 1.15567  raw t=HOLD f=HOLD tech=HOLD  fused T=HOLD t=HOLD f=HOLD cf=HOLD  → HOLD no-tech  k=-0.84 RSI=20  BANC×1.09  sugar lamp feed 0.26  eq $100000.00
[2026-09-14 12:55] 1.15354  raw t=HOLD f=HOLD tech=HOLD  fused T=HOLD t=HOLD f=HOLD cf=HOLD  → HOLD no-tech  k=+0.28 RSI=33  BANC×1.10  sugar lamp feed 0.28  eq $100000.00
[2026-09-14 19:35] 1.15553  raw t=HOLD f=HOLD tech=BUY   fused T=BUY  t=HOLD f=HOLD cf=HOLD  → BUY  1oo3-bounce  k=+0.91 RSI=35  BANC×1.09  sugar lamp feed 0.27  eq $100000.00
[2026-09-15 02:15] 1.15407  raw t=HOLD f=HOLD tech=HOLD  fused T=HOLD t=HOLD f=HOLD cf=HOLD  → HOLD no-tech  k=-0.85 RSI=27  BANC×1.09  sugar lamp feed 0.27  eq $100000.00
[2026-09-15 08:55] 1.15367  raw t=SELL f=BUY  tech=HOLD  fused T=HOLD t=SELL f=BUY  cf=HOLD  → HOLD no-tech  k=-0.64 RSI=43  BANC×1.11  sugar lamp feed 0.28  eq $100000.00
[2026-09-15 14:40] skip BUY: day bias DOWN
[2026-09-15 14:50] skip BUY: cost/stop 0.27 (need <=0.22)
[2026-09-15 15:00] skip BUY: day bias DOWN
[2026-09-15 15:15] skip BUY: day bias DOWN
[2026-09-15 15:35] 1.15447  raw t=BUY  f=HOLD tech=HOLD  fused T=HOLD t=BUY  f=HOLD cf=BUY   → HOLD no-tech  k=+0.67 RSI=44  BANC×1.09  sugar lamp feed 0.27  eq $100000.00
[2026-09-15 15:40] skip BUY: day bias DOWN
[2026-09-15 15:50] skip BUY: day bias DOWN
[2026-09-15 22:15] 1.15447  raw t=HOLD f=HOLD tech=HOLD  fused T=HOLD t=HOLD f=HOLD cf=HOLD  → HOLD no-tech  k=+0.31 RSI=52  BANC×1.09  sugar lamp feed 0.27  eq $100000.00
[2026-09-16 04:55] 1.15473  raw t=HOLD f=HOLD tech=HOLD  fused T=HOLD t=HOLD f=HOLD cf=HOLD  → HOLD no-tech  k=+0.80 RSI=61  BANC×1.09  sugar lamp feed 0.27  eq $100000.00
[2026-09-16 07:10] skip BUY: cost/stop 0.28 (need <=0.22)
[2026-09-16 07:25] skip BUY: cost/stop 0.28 (need <=0.22)
[2026-09-16 07:30] skip BUY: cost/stop 0.27 (need <=0.22)
[2026-09-16 07:35] skip BUY: cost/stop 0.28 (need <=0.22)
[2026-09-16 07:55] skip BUY: cost/stop 0.27 (need <=0.22)
[2026-09-16 08:10] skip BUY: cost/stop 0.27 (need <=0.22)
[2026-09-16 08:20] skip BUY: cost/stop 0.27 (need <=0.22)
[2026-09-16 08:35] skip BUY: cost/stop 0.27 (need <=0.22)
[2026-09-16 08:55] skip BUY: day bias DOWN
[2026-09-16 09:25] skip BUY: day bias DOWN
[2026-09-16 11:35] 1.15420  raw t=SELL f=BUY  tech=HOLD  fused T=HOLD t=SELL f=BUY  cf=SELL  → HOLD no-tech  k=-0.78 RSI=52  BANC×1.11  sugar lamp feed 0.28  eq $100000.00
[2026-09-16 18:15] 1.15062  raw t=HOLD f=HOLD tech=HOLD  fused T=HOLD t=HOLD f=HOLD cf=HOLD  → HOLD no-tech  k=+0.00 RSI=25  BANC×1.10  sugar lamp feed 0.28  eq $100000.00
[2026-09-17 00:55] 1.14626  raw t=HOLD f=HOLD tech=HOLD  fused T=HOLD t=HOLD f=HOLD cf=HOLD  → HOLD no-tech  k=+0.03 RSI=29  BANC×1.10  sugar lamp feed 0.28  eq $100000.00
[2026-09-17 07:35] 1.14824  raw t=BUY  f=HOLD tech=HOLD  fused T=HOLD t=BUY  f=HOLD cf=BUY   → HOLD no-tech  k=+0.56 RSI=61  BANC×1.11  sugar lamp feed 0.28  eq $100000.00
[2026-09-17 07:55] skip BUY: day bias DOWN
[2026-09-17 08:05] skip BUY: day bias DOWN
[2026-09-17 08:15] skip BUY: day bias DOWN
[2026-09-17 08:25] skip BUY: day bias DOWN
[2026-09-17 08:35] skip BUY: day bias DOWN
[2026-09-17 08:45] skip BUY: day bias DOWN
[2026-09-17 08:55] skip BUY: day bias DOWN
[2026-09-17 09:55] skip BUY: day bias DOWN
[2026-09-17 11:25] skip BUY: day bias DOWN
[2026-09-17 11:35] skip BUY: day bias DOWN
[2026-09-17 13:30] skip BUY: cost/stop 0.27 (need <=0.22)
[2026-09-17 13:35] skip BUY: cost/stop 0.27 (need <=0.22)
[2026-09-17 13:45] skip BUY: cost/stop 0.28 (need <=0.22)
[2026-09-17 13:50] skip BUY: cost/stop 0.27 (need <=0.22)
[2026-09-17 13:55] skip BUY: cost/stop 0.27 (need <=0.22)
[2026-09-17 14:00] skip BUY: cost/stop 0.28 (need <=0.22)
[2026-09-17 14:15] 1.14943  raw t=BUY  f=HOLD tech=HOLD  fused T=HOLD t=BUY  f=HOLD cf=BUY   → HOLD no-tech  k=+0.86 RSI=56  BANC×1.08  sugar lamp feed 0.26  eq $100000.00
[2026-09-17 14:20] skip BUY: cost/stop 0.28 (need <=0.22)
[2026-09-17 14:40] skip BUY: cost/stop 0.27 (need <=0.22)
[2026-09-17 15:05] skip BUY: day bias DOWN
[2026-09-17 15:15] skip BUY: day bias DOWN
[2026-09-17 15:35] skip BUY: day bias DOWN
[2026-09-17 15:45] skip BUY: day bias DOWN
[2026-09-17 15:55] skip BUY: day bias DOWN
[2026-09-17 20:55] 1.14797  raw t=HOLD f=HOLD tech=HOLD  fused T=HOLD t=HOLD f=HOLD cf=HOLD  → HOLD no-tech  k=-0.20 RSI=45  BANC×1.09  sugar lamp feed 0.27  eq $100000.00
[2026-09-18 03:35] 1.14877  raw t=HOLD f=HOLD tech=HOLD  fused T=HOLD t=HOLD f=HOLD cf=HOLD  → HOLD no-tech  k=+0.41 RSI=59  BANC×1.09  sugar lamp feed 0.27  eq $100000.00
[2026-09-18 10:15] 1.14877  raw t=HOLD f=HOLD tech=HOLD  fused T=HOLD t=HOLD f=HOLD cf=HOLD  → HOLD no-tech  k=+0.26 RSI=53  BANC×1.10  sugar lamp feed 0.27  eq $100000.00
[2026-09-18 16:55] 1.14771  raw t=HOLD f=HOLD tech=HOLD  fused T=HOLD t=HOLD f=HOLD cf=HOLD  → HOLD no-tech  k=-0.13 RSI=65  BANC×1.09  sugar lamp feed 0.27  eq $100000.00
[2026-09-21 01:05] 1.14863  raw t=HOLD f=HOLD tech=HOLD  fused T=HOLD t=HOLD f=HOLD cf=HOLD  → HOLD no-tech  k=-0.05 RSI=55  BANC×1.09  sugar lamp feed 0.27  eq $100000.00
[2026-09-21 07:45] 1.14824  raw t=SELL f=BUY  tech=HOLD  fused T=HOLD t=SELL f=BUY  cf=SELL  → HOLD no-tech  k=-0.78 RSI=62  BANC×1.11  sugar lamp feed 0.28  eq $100000.00
[2026-09-21 11:00] skip BUY: cost/stop 0.31 (need <=0.22)
[2026-09-21 11:10] skip BUY: cost/stop 0.31 (need <=0.22)
[2026-09-21 12:15] skip BUY: cost/stop 0.27 (need <=0.22)
[2026-09-21 12:20] skip BUY: cost/stop 0.28 (need <=0.22)
[2026-09-21 12:40] skip BUY: cost/stop 0.27 (need <=0.22)
[2026-09-21 12:55] skip BUY: cost/stop 0.27 (need <=0.22)
[2026-09-21 13:15] skip BUY: cost/stop 0.27 (need <=0.22)
[2026-09-21 13:25] skip BUY: cost/stop 0.27 (need <=0.22)
[2026-09-21 14:05] skip BUY: day bias DOWN
[2026-09-21 14:25] 1.14745  raw t=HOLD f=HOLD tech=HOLD  fused T=HOLD t=HOLD f=HOLD cf=HOLD  → HOLD no-tech  k=+0.17 RSI=33  BANC×1.10  sugar lamp feed 0.27  eq $100000.00
[2026-09-21 21:05] 1.14692  raw t=HOLD f=HOLD tech=SELL  fused T=SELL t=HOLD f=HOLD cf=HOLD  → SELL 1oo3-bounce  k=-0.79 RSI=51  BANC×1.11  sugar lamp feed 0.28  eq $100000.00
[2026-09-22 03:45] 1.14771  raw t=HOLD f=HOLD tech=HOLD  fused T=HOLD t=HOLD f=HOLD cf=HOLD  → HOLD no-tech  k=+0.43 RSI=65  BANC×1.11  sugar lamp feed 0.28  eq $100000.00
[2026-09-22 08:55] skip SELL: cost/stop 0.26 (need <=0.22)
[2026-09-22 10:25] 1.14653  raw t=SELL f=BUY  tech=SELL  fused T=SELL t=SELL f=BUY  cf=SELL  → HOLD veto BUY (t=SELL f=BUY tech=SELL)  k=-0.61 RSI=55  BANC×1.07  sugar lamp feed 0.26  eq $100000.00
[2026-09-22 12:00] skip BUY: day bias DOWN
[2026-09-22 12:55] skip BUY: day bias DOWN
[2026-09-22 13:05] skip BUY: day bias DOWN
[2026-09-22 17:05] 1.14377  raw t=HOLD f=HOLD tech=SELL  fused T=SELL t=HOLD f=HOLD cf=HOLD  → HOLD 1oo3-skip (cont t=HOLD f=HOLD)  k=-0.95 RSI=41  BANC×1.09  sugar lamp feed 0.27  eq $100000.00
[2026-09-22 23:45] 1.14521  raw t=HOLD f=HOLD tech=HOLD  fused T=HOLD t=HOLD f=HOLD cf=HOLD  → HOLD no-tech  k=-0.27 RSI=59  BANC×1.09  sugar lamp feed 0.27  eq $100000.00
adapt  saved C:\Workspace\FlyFOREXTrader\reports\adapt_payoff_EURUSD.json  bar 45%  skips 0  SL 2.76  TP 11.8  impulse>=0.50  RSI 51/47

──────── trade report (costs included) ────────
  # side   lots  conf    entry     exit    pips        USD  reason
──────────────────────────────────────────────
No setups passed the session / pullback / cost filters.
0 trades  0W/0L  win rate 0%  net +0.0 pips  net $+0.00
costs  spread≈$0.00  commission=$0.00  slippage=$0.00  swap=$0.00
account  start $100,000.00  balance $100,000.00  equity $100,000.00  margin $0.00  free $100,000.00  level n/a
leverage 1:100  rejected 0  stop-outs 0  avg 0.00 lots  return +0.000%
tax  model=no tax due on a net loss; the loss may carry forward depending on local rules  estimated due $0.00  after-tax $0.00  effective 0.0%
      estimate only - not tax advice; set --tax-rate / --tax-model for your jurisdiction
saved C:\Workspace\FlyFOREXTrader\reports\trades-EURUSD-20260922-232654.csv
evo     loaded  brains/GBPUSD.evo.json  risk=balanced  sugar ON×1.00  sdyn ON  fuse-dyn ON  fuse=all  SL 2.43 TP 12.0  snow off  mart on
sim account $100,000  leverage 1:100  commission $7.00/lot RT  slip 0.2 pip  spread 0.00016  quote USD
sizing  1.00% of equity per trade, scaled by Bayesian half-Kelly  lot 0.01-20.00  margin cap 25% of free
risk-tol  balanced  factory geometry  risk-factor exits off
confidence  plausibility bar starts 45% (base 45%; evolves with calibration)
params  SL 2.43 ATR  TP 12.0 ATR  trail 3.35/1.53  RSI arm 52/49  min |impulse| 0.50
tax  24.0%  model=ordinary  (estimate at report time)
learn  frozen for this replay (traces loaded, rewards off)
brain   params  SL 2.43 ATR  RSI arm 52/49  impulse>=0.50
brain   loaded brains/GBPUSD.json  DA n=2
risk  dynamic tape  spread/stop, ATR regime, London-NY liquidity, chase, heat  (same rules on every pair; stored pair risk_factors are not applied)
committee  cat-fuse  DYNAMIC TREND/RANGE/BREAK/QUIET  allow all live inverse-var mix → {tech, fly-trend, fly-fade} 2oo3   both BUY and SELL   parallel: flow-algo   fusion: Kalman+Bayes gate + fly-conf (native votes, abstain only)
pair-book  OFF (--no-pair-book)
snowball  OFF (--no-snowball)
martingale  on  ×1.20 after a scratch, ×1.28 cap; never after a full stop; freeze if DD/BANC/pair-admit
plastic  on  PAM/PPL dopamine × eligibility on readout + sensory gains (connectome W frozen)
BANC    female cluster net n=36  banc-clusters  risk voter mixed with MaleCNS ol_sensory+vnc_sensory  (full 188k edgelist needs CAVE_TOKEN)
sugar   on  amt 1.00  dyn FEAST/FORAGE/NIBBLE/FAST  23 GRNs  food=2oo3/clean  satiety=equity/float/day  appetite sizes / skips / snowball / spit-out winners  (never votes a side)
rails   fly-trader kill 2.5% DD  (1.0% after snowball)  circuit 3 losses  pair-admit 2 trades / PF≥1.00 then full size
[2026-09-07 18:10] 1.35422  raw t=HOLD f=HOLD tech=HOLD  fused T=HOLD t=HOLD f=HOLD cf=HOLD  → HOLD no-tech  k=+0.56 RSI=50  BANC×1.00  sugar amt 0.55 NIBBLE feed 0.27 sat 0.38  eq $100000.00
[2026-09-08 00:50] 1.35452  raw t=HOLD f=HOLD tech=BUY   fused T=BUY  t=HOLD f=HOLD cf=HOLD  → HOLD wide-spread-need-3oo3  k=+0.60 RSI=52  BANC×1.00  sugar amt 0.55 NIBBLE feed 0.57 sat 0.38  eq $100000.00
[2026-09-08 07:30] 1.35353  raw t=HOLD f=HOLD tech=HOLD  fused T=HOLD t=HOLD f=HOLD cf=HOLD  → HOLD no-tech  k=+0.10 RSI=41  BANC×1.00  sugar amt 0.55 NIBBLE feed 0.30 sat 0.38  eq $100000.00
[2026-09-08 14:10] 1.35430  raw t=BUY  f=HOLD tech=HOLD  fused T=HOLD t=BUY  f=HOLD cf=BUY   → HOLD no-tech  k=+0.84 RSI=40  BANC×0.99  sugar amt 0.55 NIBBLE feed 0.30 sat 0.38  eq $100000.00
[2026-09-08 20:50] 1.35413  raw t=HOLD f=HOLD tech=HOLD  fused T=HOLD t=HOLD f=HOLD cf=HOLD  → HOLD no-tech  k=+0.08 RSI=50  BANC×1.00  sugar amt 0.55 NIBBLE feed 0.29 sat 0.38  eq $100000.00
[2026-09-09 03:30] 1.35463  raw t=HOLD f=HOLD tech=HOLD  fused T=HOLD t=HOLD f=HOLD cf=HOLD  → HOLD no-tech  k=+0.13 RSI=55  BANC×1.00  sugar amt 0.55 NIBBLE feed 0.31 sat 0.38  eq $100000.00
[2026-09-09 10:10] 1.35323  raw t=SELL f=BUY  tech=HOLD  fused T=HOLD t=SELL f=BUY  cf=BUY   → HOLD no-tech  k=-0.31 RSI=29  BANC×1.00  sugar amt 0.55 NIBBLE feed 0.31 sat 0.38  eq $100000.00
[2026-09-09 16:50] 1.35542  raw t=HOLD f=HOLD tech=HOLD  fused T=HOLD t=HOLD f=HOLD cf=HOLD  → HOLD no-tech  k=+0.21 RSI=55  BANC×0.98  sugar amt 0.55 NIBBLE feed 0.28 sat 0.38  eq $100000.00
[2026-09-09 23:30] 1.35523  raw t=HOLD f=HOLD tech=HOLD  fused T=HOLD t=HOLD f=HOLD cf=HOLD  → HOLD no-tech  k=+0.42 RSI=54  BANC×0.98  sugar amt 0.55 NIBBLE feed 0.28 sat 0.38  eq $100000.00
[2026-09-10 06:10] 1.35560  raw t=HOLD f=HOLD tech=HOLD  fused T=HOLD t=HOLD f=HOLD cf=HOLD  → HOLD no-tech  k=+0.42 RSI=51  BANC×0.98  sugar amt 0.55 NIBBLE feed 0.28 sat 0.38  eq $100000.00
[2026-09-10 07:10] skip BUY: cost/stop 0.35 (need <=0.22)
[2026-09-10 12:50] 1.35084  raw t=SELL f=HOLD tech=SELL  fused T=SELL t=SELL f=HOLD cf=SELL  → HOLD wide-spread-need-3oo3  k=-0.93 RSI=36  BANC×1.00  sugar amt 1.70 FEAST feed 0.86 sat 0.38  eq $100000.00
[2026-09-10 19:30] 1.35099  raw t=HOLD f=HOLD tech=HOLD  fused T=HOLD t=HOLD f=HOLD cf=HOLD  → HOLD no-tech  k=-0.70 RSI=38  BANC×1.03  sugar amt 0.55 NIBBLE feed 0.29 sat 0.38  eq $100000.00
[2026-09-11 02:10] 1.35075  raw t=HOLD f=HOLD tech=HOLD  fused T=HOLD t=HOLD f=HOLD cf=HOLD  → HOLD no-tech  k=+0.28 RSI=38  BANC×1.03  sugar amt 0.55 NIBBLE feed 0.30 sat 0.38  eq $100000.00
[2026-09-11 08:50] 1.35102  raw t=BUY  f=HOLD tech=BUY   fused T=BUY  t=BUY  f=HOLD cf=BUY   → HOLD wide-spread-need-3oo3  k=+0.75 RSI=43  BANC×1.04  sugar amt 0.55 NIBBLE feed 0.57 sat 0.38  eq $100000.00
[2026-09-11 15:30] 1.35223  raw t=BUY  f=HOLD tech=HOLD  fused T=HOLD t=BUY  f=HOLD cf=BUY   → HOLD no-tech  k=+0.71 RSI=46  BANC×1.03  sugar amt 1.70 FEAST feed 0.80 sat 0.38  eq $100000.00
[2026-09-13 23:40] 1.35223  raw t=HOLD f=HOLD tech=BUY   fused T=BUY  t=HOLD f=HOLD cf=HOLD  → HOLD wide-spread-need-3oo3  k=+0.63 RSI=41  BANC×1.04  sugar amt 1.70 FEAST feed 0.86 sat 0.38  eq $100000.00
[2026-09-14 06:20] 1.34920  raw t=HOLD f=HOLD tech=HOLD  fused T=HOLD t=HOLD f=HOLD cf=HOLD  → HOLD no-tech  k=-0.61 RSI=30  BANC×1.04  sugar amt 0.55 NIBBLE feed 0.30 sat 0.38  eq $100000.00
[2026-09-14 13:00] 1.34653  raw t=HOLD f=HOLD tech=HOLD  fused T=HOLD t=HOLD f=HOLD cf=HOLD  → HOLD no-tech  k=-0.24 RSI=27  BANC×1.03  sugar amt 0.55 NIBBLE feed 0.29 sat 0.38  eq $100000.00
[2026-09-14 19:40] 1.35040  raw t=HOLD f=HOLD tech=HOLD  fused T=HOLD t=HOLD f=HOLD cf=HOLD  → HOLD no-tech  k=+0.95 RSI=39  BANC×1.03  sugar amt 0.55 NIBBLE feed 0.31 sat 0.38  eq $100000.00
[2026-09-15 02:20] 1.34856  raw t=HOLD f=HOLD tech=HOLD  fused T=HOLD t=HOLD f=HOLD cf=HOLD  → HOLD no-tech  k=-0.75 RSI=30  BANC×1.03  sugar amt 0.55 NIBBLE feed 0.30 sat 0.38  eq $100000.00
[2026-09-15 09:00] 1.34744  raw t=HOLD f=HOLD tech=HOLD  fused T=HOLD t=HOLD f=HOLD cf=HOLD  → HOLD no-tech  k=-0.14 RSI=48  BANC×1.03  sugar amt 0.55 NIBBLE feed 0.28 sat 0.38  eq $100000.00
[2026-09-15 15:40] 1.34758  raw t=HOLD f=HOLD tech=HOLD  fused T=HOLD t=HOLD f=HOLD cf=HOLD  → HOLD no-tech  k=+0.31 RSI=31  BANC×1.04  sugar amt 0.55 NIBBLE feed 0.29 sat 0.38  eq $100000.00
[2026-09-15 22:20] 1.34780  raw t=HOLD f=HOLD tech=HOLD  fused T=HOLD t=HOLD f=HOLD cf=HOLD  → HOLD no-tech  k=-0.06 RSI=56  BANC×1.04  sugar amt 0.55 NIBBLE feed 0.31 sat 0.38  eq $100000.00
[2026-09-16 05:00] 1.34851  raw t=HOLD f=HOLD tech=BUY   fused T=BUY  t=HOLD f=HOLD cf=HOLD  → HOLD 1oo3-skip (cont t=HOLD f=HOLD)  k=+0.84 RSI=67  BANC×1.04  sugar amt 0.55 NIBBLE feed 0.31 sat 0.38  eq $100000.00
[2026-09-16 11:40] 1.34611  raw t=SELL f=BUY  tech=SELL  fused T=SELL t=SELL f=BUY  cf=SELL  → HOLD veto BUY (t=SELL f=BUY tech=SELL)  k=-0.89 RSI=37  BANC×1.05  sugar amt 0.55 NIBBLE feed 0.29 sat 0.38  eq $100000.00
[2026-09-16 18:20] 1.34145  raw t=HOLD f=HOLD tech=HOLD  fused T=HOLD t=HOLD f=HOLD cf=HOLD  → HOLD no-tech  k=-0.87 RSI=27  BANC×1.04  sugar amt 0.55 NIBBLE feed 0.28 sat 0.38  eq $100000.00
[2026-09-17 01:00] 1.33717  raw t=HOLD f=HOLD tech=HOLD  fused T=HOLD t=HOLD f=HOLD cf=HOLD  → HOLD no-tech  k=-0.51 RSI=28  BANC×1.04  sugar amt 0.55 NIBBLE feed 0.29 sat 0.38  eq $100000.00
[2026-09-17 07:40] 1.33919  raw t=BUY  f=HOLD tech=HOLD  fused T=HOLD t=BUY  f=HOLD cf=BUY   → HOLD no-tech  k=+0.59 RSI=54  BANC×1.05  sugar amt 1.70 FEAST feed 0.79 sat 0.38  eq $100000.00
[2026-09-17 11:20] skip BUY: day bias DOWN
[2026-09-17 11:35] skip BUY: day bias DOWN
[2026-09-17 14:20] 1.33729  raw t=SELL f=HOLD tech=HOLD  fused T=HOLD t=SELL f=HOLD cf=HOLD  → HOLD no-tech  k=-0.53 RSI=43  BANC×1.02  sugar amt 0.55 NIBBLE feed 0.30 sat 0.38  eq $100000.00
[2026-09-17 21:00] 1.33588  raw t=HOLD f=HOLD tech=HOLD  fused T=HOLD t=HOLD f=HOLD cf=HOLD  → HOLD no-tech  k=-0.11 RSI=60  BANC×1.02  sugar amt 0.55 NIBBLE feed 0.29 sat 0.38  eq $100000.00
[2026-09-18 03:40] 1.33701  raw t=HOLD f=HOLD tech=HOLD  fused T=HOLD t=HOLD f=HOLD cf=HOLD  → HOLD no-tech  k=+0.26 RSI=69  BANC×1.02  sugar amt 0.55 NIBBLE feed 0.30 sat 0.38  eq $100000.00
[2026-09-18 10:20] 1.33693  raw t=BUY  f=SELL tech=BUY   fused T=BUY  t=BUY  f=SELL cf=BUY   → HOLD veto SELL (t=BUY f=SELL tech=BUY)  k=+0.55 RSI=51  BANC×1.06  sugar amt 0.55 NIBBLE feed 0.29 sat 0.38  eq $100000.00
[2026-09-18 17:00] 1.33851  raw t=HOLD f=HOLD tech=HOLD  fused T=HOLD t=HOLD f=HOLD cf=HOLD  → HOLD no-tech  k=+0.87 RSI=70  BANC×1.03  sugar amt 0.55 NIBBLE feed 0.31 sat 0.38  eq $100000.00
[2026-09-21 01:10] 1.33923  raw t=HOLD f=HOLD tech=HOLD  fused T=HOLD t=HOLD f=HOLD cf=HOLD  → HOLD no-tech  k=-0.19 RSI=57  BANC×1.03  sugar amt 0.55 NIBBLE feed 0.31 sat 0.38  eq $100000.00
[2026-09-21 07:50] 1.33813  raw t=SELL f=BUY  tech=SELL  fused T=SELL t=SELL f=BUY  cf=SELL  → HOLD veto BUY (t=SELL f=BUY tech=SELL)  k=-0.83 RSI=57  BANC×1.06  sugar amt 0.55 NIBBLE feed 0.28 sat 0.38  eq $100000.00
[2026-09-21 14:30] 1.33774  raw t=BUY  f=HOLD tech=HOLD  fused T=HOLD t=BUY  f=HOLD cf=BUY   → HOLD no-tech  k=+0.45 RSI=39  BANC×1.05  sugar amt 1.70 FEAST feed 0.79 sat 0.38  eq $100000.00
[2026-09-21 21:10] 1.33663  raw t=HOLD f=HOLD tech=HOLD  fused T=HOLD t=HOLD f=HOLD cf=HOLD  → HOLD no-tech  k=+0.08 RSI=41  BANC×1.06  sugar amt 0.55 NIBBLE feed 0.29 sat 0.38  eq $100000.00
[2026-09-22 03:50] 1.33829  raw t=HOLD f=HOLD tech=HOLD  fused T=HOLD t=HOLD f=HOLD cf=HOLD  → HOLD no-tech  k=+0.19 RSI=69  BANC×1.06  sugar amt 0.55 NIBBLE feed 0.29 sat 0.38  eq $100000.00
[2026-09-22 10:30] 1.33677  raw t=SELL f=HOLD tech=HOLD  fused T=HOLD t=SELL f=HOLD cf=SELL  → HOLD no-tech  k=-0.60 RSI=56  BANC×1.02  sugar amt 1.70 FEAST feed 0.79 sat 0.38  eq $100000.00
[2026-09-22 17:10] 1.33282  raw t=HOLD f=HOLD tech=HOLD  fused T=HOLD t=HOLD f=HOLD cf=HOLD  → HOLD no-tech  k=-0.94 RSI=42  BANC×1.03  sugar amt 0.55 NIBBLE feed 0.28 sat 0.38  eq $100000.00
[2026-09-22 23:50] 1.33454  raw t=HOLD f=HOLD tech=HOLD  fused T=HOLD t=HOLD f=HOLD cf=HOLD  → HOLD no-tech  k=+0.49 RSI=56  BANC×1.03  sugar amt 0.55 NIBBLE feed 0.28 sat 0.38  eq $100000.00
adapt  saved C:\Workspace\FlyFOREXTrader\reports\adapt_payoff_GBPUSD.json  bar 45%  skips 0  SL 2.43  TP 12.0  impulse>=0.50  RSI 52/49

──────── trade report (costs included) ────────
  # side   lots  conf    entry     exit    pips        USD  reason
──────────────────────────────────────────────
No setups passed the session / pullback / cost filters.
0 trades  0W/0L  win rate 0%  net +0.0 pips  net $+0.00
costs  spread≈$0.00  commission=$0.00  slippage=$0.00  swap=$0.00
account  start $100,000.00  balance $100,000.00  equity $100,000.00  margin $0.00  free $100,000.00  level n/a
leverage 1:100  rejected 0  stop-outs 0  avg 0.00 lots  return +0.000%
tax  model=no tax due on a net loss; the loss may carry forward depending on local rules  estimated due $0.00  after-tax $0.00  effective 0.0%
      estimate only - not tax advice; set --tax-rate / --tax-model for your jurisdiction
saved C:\Workspace\FlyFOREXTrader\reports\trades-GBPUSD-20260922-233313.csv
evo     missing  brains/USDJPY.evo.json — Train DA with evolve, or uncheck use evolved
sim account $100,000  leverage 1:100  commission $7.00/lot RT  slip 0.2 pip  spread 0.01200  quote JPY
sizing  1.00% of equity per trade, scaled by Bayesian half-Kelly  lot 0.01-20.00  margin cap 25% of free
risk-tol  balanced  factory geometry  risk-factor exits off
confidence  plausibility bar starts 45% (base 45%; evolves with calibration)
params  SL 2.40 ATR  TP 12.0 ATR  trail 3.20/1.80  RSI arm 52/48  min |impulse| 0.50
tax  24.0%  model=ordinary  (estimate at report time)
learn  frozen for this replay (traces loaded, rewards off)
brain   params  SL 2.49 ATR  RSI arm 52/48  impulse>=0.50
brain   loaded brains/USDJPY.json  DA n=41
risk  dynamic tape  spread/stop, ATR regime, London-NY liquidity, chase, heat  (same rules on every pair; stored pair risk_factors are not applied)
committee  cat-fuse  all live inverse-var mix → {tech, fly-trend, fly-fade} 2oo3   both BUY and SELL   parallel: flow-algo   fusion: Kalman+Bayes gate + fly-conf (native votes, abstain only)
pair-book  OFF (--no-pair-book)
snowball  on  add up to 2×55% of first lots  when fly-trend agrees, profit is past BE but not yet trailing, pullback from the extreme
martingale  on  ×1.20 after a scratch, ×1.28 cap; never after a full stop; freeze if DD/BANC/pair-admit
plastic  on  PAM/PPL dopamine × eligibility on readout + sensory gains (connectome W frozen)
BANC    female cluster net n=36  banc-clusters  risk voter mixed with MaleCNS ol_sensory+vnc_sensory  (full 188k edgelist needs CAVE_TOKEN)
sugar   native GRN lamp  23 cells  0.45×nice on the risk pass  (4k-era: eat every 2oo3, no skip/flatten; check sugar feed for the overlay)
rails   fly-trader kill 2.5% DD  (1.0% after snowball)  circuit 3 losses  pair-admit 2 trades / PF≥1.00 then full size
[2026-09-07 18:15] 154.35100  raw t=HOLD f=HOLD tech=HOLD  fused T=HOLD t=HOLD f=HOLD cf=HOLD  → HOLD no-tech  k=+0.33 RSI=50  BANC×1.00  sugar lamp feed 0.09  eq $100000.00
[2026-09-08 00:55] 153.78900  raw t=SELL f=SELL tech=HOLD  fused T=HOLD t=SELL f=SELL cf=SELL  → HOLD no-tech  k=-0.74 RSI=46  BANC×0.86  sugar lamp feed 0.21  eq $100000.00
[2026-09-08 07:35] 153.92400  raw t=SELL f=SELL tech=HOLD  fused T=HOLD t=SELL f=SELL cf=SELL  → HOLD no-tech  k=+0.40 RSI=63  BANC×0.86  sugar lamp feed 0.21  eq $100000.00
[2026-09-08 14:15] 154.03900  raw t=HOLD f=HOLD tech=HOLD  fused T=HOLD t=HOLD f=HOLD cf=HOLD  → HOLD no-tech  k=-0.23 RSI=56  BANC×0.86  sugar lamp feed 0.21  eq $100000.00
[2026-09-08 20:55] 153.95700  raw t=HOLD f=HOLD tech=HOLD  fused T=HOLD t=HOLD f=HOLD cf=HOLD  → HOLD no-tech  k=-0.05 RSI=46  BANC×0.87  sugar lamp feed 0.21  eq $100000.00
[2026-09-09 03:35] 153.42500  raw t=HOLD f=HOLD tech=HOLD  fused T=HOLD t=HOLD f=HOLD cf=HOLD  → HOLD no-tech  k=-0.23 RSI=34  BANC×0.86  sugar lamp feed 0.21  eq $100000.00
[2026-09-09 07:00] SELL USDJPY 0.16 lots @ 153.21921  margin $24515.07  comm $0.56  3oo3+flow size×1.18  conf 61%  raw tech=SELL/bounce t=SELL f=SELL  fused T=SELL t=SELL f=SELL cf=SELL@0.32 fam {} 3oo3+flow  conf 61%  bar 45%  cal P(win)=0.50  n=0  P(edge)=0.60  similar=0.50  TA=0.76  data-weight=0.00  0.16 lots  risk $251 (0.25% eq)  SL 27.1 pips  ~$28 if stopped  bayes P(edge)=0.60  p=0.42  R=2.38  ½K=0.039  scale=0.65  risk 0.65%  BANC×0.86  rec×0.85  admit×0.60  tape×0.75  cost×1.00  vol×1.00  liq×0.75  chase×1.00  heat×1.00  (DOWN, k -0.66)  → OK|1001|PAPER
[2026-09-09 08:00] CLOSE SELL LOSS  0.16 lots  conf 61%  bar 45%  -0.1 pips  $-9.85  comm $1.12 slip $0.59 swap $0.00  snowball 0  (scalp scratch)
       → OK|1001
       adapt  bar 45%  cal P(win)=0.50  P(edge) floor 0.38  learn frozen
[2026-09-09 10:15] 153.67101  raw t=SELL f=SELL tech=HOLD  fused T=HOLD t=SELL f=SELL cf=SELL  → HOLD no-tech  k=+0.41 RSI=62  BANC×0.85  sugar lamp feed 0.21  eq $99990.15
[2026-09-09 14:25] SELL USDJPY 0.16 lots @ 153.21941  margin $24515.11  comm $0.56  3oo3+flow size×1.14  conf 58%  raw tech=SELL/bounce t=SELL f=SELL  fused T=SELL t=SELL f=SELL cf=SELL@0.32 fam {} 3oo3+flow  conf 58%  bar 45%  cal P(win)=0.50  n=0  P(edge)=0.61  similar=0.50  TA=0.63  data-weight=0.00  0.16 lots  risk $236 (0.24% eq)  SL 24.8 pips  ~$26 if stopped  bayes P(edge)=0.60  p=0.42  R=2.38  ½K=0.041  scale=0.69  risk 0.69%  BANC×0.84  rec×0.85  admit×0.60  tape×0.70  cost×1.00  vol×1.00  liq×1.00  chase×1.00  heat×0.70  (DOWN, k -0.50)  → OK|1002|PAPER
[2026-09-09 15:00] CLOSE SELL LOSS  0.16 lots  conf 58%  bar 45%  -0.2 pips  $-32.09  comm $1.12 slip $0.64 swap $0.00  snowball 0  (ATR stop)
       → OK|1002
       adapt  bar 45%  cal P(win)=0.50  P(edge) floor 0.38  learn frozen
[2026-09-09 16:55] 153.57100  raw t=HOLD f=HOLD tech=HOLD  fused T=HOLD t=HOLD f=HOLD cf=HOLD  → HOLD no-tech  k=+0.37 RSI=55  BANC×0.80  sugar lamp feed 0.20  eq $99958.06
[2026-09-09 23:35] 153.36200  raw t=HOLD f=HOLD tech=HOLD  fused T=HOLD t=HOLD f=HOLD cf=HOLD  → HOLD no-tech  k=-0.62 RSI=42  BANC×0.80  sugar lamp feed 0.20  eq $99958.06
[2026-09-10 06:15] 153.51300  raw t=HOLD f=HOLD tech=HOLD  fused T=HOLD t=HOLD f=HOLD cf=HOLD  → HOLD no-tech  k=+0.10 RSI=51  BANC×0.91  sugar lamp feed 0.21  eq $99958.06
[2026-09-10 12:55] 154.34500  raw t=SELL f=SELL tech=BUY   fused T=BUY  t=HOLD f=SELL cf=SELL  → HOLD veto SELL (t=HOLD f=SELL tech=BUY)  k=+0.90 RSI=58  BANC×0.90  sugar lamp feed 0.21  eq $99958.06
[2026-09-10 19:35] 154.34399  raw t=HOLD f=HOLD tech=HOLD  fused T=HOLD t=HOLD f=HOLD cf=HOLD  → HOLD no-tech  k=+0.68 RSI=54  BANC×0.90  sugar lamp feed 0.21  eq $99958.06
[2026-09-11 02:15] 154.45700  raw t=HOLD f=HOLD tech=HOLD  fused T=HOLD t=HOLD f=HOLD cf=HOLD  → HOLD no-tech  k=+0.09 RSI=55  BANC×0.92  sugar lamp feed 0.21  eq $99958.06
[2026-09-11 07:00] SELL USDJPY 0.16 lots @ 154.10529  margin $24656.85  comm $0.56  3oo3+flow size×1.18  conf 62%  raw tech=SELL/bounce t=SELL f=SELL  fused T=SELL t=SELL f=SELL cf=SELL@0.32 fam {} 3oo3+flow  conf 62%  bar 45%  cal P(win)=0.50  n=0  P(edge)=0.60  similar=0.50  TA=0.77  data-weight=0.00  0.16 lots  risk $177 (0.18% eq)  SL 19.7 pips  ~$20 if stopped  bayes P(edge)=0.60  p=0.42  R=2.41  ½K=0.044  scale=0.73  risk 0.73%  BANC×0.93  admit×0.60  tape×0.37  cost×0.98  vol×1.00  liq×0.75  chase×1.00  heat×0.50  (DOWN, k -0.68)  → OK|1003|PAPER
[2026-09-11 08:00] CLOSE SELL LOSS  0.16 lots  conf 62%  bar 45%  -0.1 pips  $-17.73  comm $1.12 slip $0.54 swap $0.00  snowball 0  (scalp scratch)
       → OK|1003
       rails  circuit  3 losses → pause 12 bars
       adapt  bar 45%  cal P(win)=0.50  P(edge) floor 0.38  learn frozen
[2026-09-11 08:55] 154.10001  raw t=HOLD f=HOLD tech=HOLD  fused T=HOLD t=HOLD f=HOLD cf=HOLD  → HOLD no-tech  k=-0.13 RSI=43  BANC×0.89  sugar lamp feed 0.20  eq $99940.32
[2026-09-11 11:25] SELL USDJPY 0.16 lots @ 154.03066  margin $24644.90  comm $0.56  3oo3+flow size×1.19  conf 62%  raw tech=SELL/bounce t=SELL f=SELL  fused T=SELL t=SELL f=SELL cf=SELL@0.32 fam {} 3oo3+flow  conf 62%  bar 45%  cal P(win)=0.50  n=0  P(edge)=0.62  similar=0.50  TA=0.73  data-weight=0.00  0.16 lots  risk $94 (0.09% eq)  SL 18.8 pips  ~$19 if stopped  bayes P(edge)=0.59  p=0.42  R=2.33  ½K=0.036  scale=0.60  risk 0.60%  BANC×0.87  rec×0.85  admit×0.60  tape×0.30  cost×0.94  vol×1.00  liq×0.90  chase×1.00  heat×0.35  (DOWN, k -0.59)  → OK|1004|PAPER
[2026-09-11 12:30] CLOSE SELL LOSS  0.16 lots  conf 62%  bar 45%  -0.1 pips  $-11.80  comm $1.12 slip $0.74 swap $0.00  snowball 0  (scalp scratch)
       → OK|1004
       rails  circuit  4 losses → pause 12 bars
       adapt  bar 45%  cal P(win)=0.50  P(edge) floor 0.38  learn frozen
[2026-09-11 15:35] 153.64500  raw t=SELL f=SELL tech=HOLD  fused T=HOLD t=SELL f=SELL cf=SELL  → HOLD no-tech  k=-0.49 RSI=55  BANC×0.79  sugar lamp feed 0.21  eq $99928.52
[2026-09-14 00:15] 153.49300  raw t=SELL f=SELL tech=HOLD  fused T=HOLD t=SELL f=SELL cf=HOLD  → HOLD no-tech  k=-0.40 RSI=42  BANC×0.86  sugar lamp feed 0.21  eq $99928.52
[2026-09-14 06:55] 154.27499  raw t=HOLD f=HOLD tech=HOLD  fused T=HOLD t=HOLD f=HOLD cf=HOLD  → HOLD no-tech  k=+0.65 RSI=67  BANC×0.94  sugar lamp feed 0.21  eq $99928.52
[2026-09-14 13:35] 154.86200  raw t=SELL f=SELL tech=HOLD  fused T=HOLD t=HOLD f=SELL cf=SELL  → HOLD no-tech  k=+0.73 RSI=65  BANC×0.95  sugar lamp feed 0.21  eq $99928.52
[2026-09-14 20:15] 154.37399  raw t=HOLD f=HOLD tech=HOLD  fused T=HOLD t=HOLD f=HOLD cf=HOLD  → HOLD no-tech  k=-0.42 RSI=60  BANC×0.92  sugar lamp feed 0.21  eq $99928.52
[2026-09-15 02:55] 154.78400  raw t=SELL f=SELL tech=HOLD  fused T=HOLD t=HOLD f=SELL cf=SELL  → HOLD no-tech  k=+0.89 RSI=57  BANC×0.97  sugar lamp feed 0.21  eq $99928.52
[2026-09-15 09:35] 154.96899  raw t=SELL f=SELL tech=HOLD  fused T=HOLD t=HOLD f=SELL cf=HOLD  → HOLD no-tech  k=+0.61 RSI=52  BANC×0.90  sugar lamp feed 0.21  eq $99928.52
[2026-09-15 16:15] 155.14700  raw t=HOLD f=HOLD tech=HOLD  fused T=HOLD t=HOLD f=HOLD cf=HOLD  → HOLD no-tech  k=+0.49 RSI=59  BANC×0.92  sugar lamp feed 0.21  eq $99928.52
[2026-09-15 22:55] 155.09200  raw t=HOLD f=HOLD tech=HOLD  fused T=HOLD t=HOLD f=HOLD cf=HOLD  → HOLD no-tech  k=-0.02 RSI=53  BANC×0.92  sugar lamp feed 0.21  eq $99928.52
[2026-09-16 05:35] 155.26100  raw t=HOLD f=HOLD tech=HOLD  fused T=HOLD t=HOLD f=HOLD cf=HOLD  → HOLD no-tech  k=+0.08 RSI=42  BANC×0.97  sugar lamp feed 0.21  eq $99928.52
[2026-09-16 07:40] SELL USDJPY 0.16 lots @ 154.94451  margin $24791.12  comm $0.56  3oo3+flow size×1.17  conf 61%  raw tech=SELL/cont t=SELL f=SELL  fused T=SELL t=SELL f=SELL cf=SELL@0.32 fam {} 3oo3+flow  conf 61%  bar 45%  cal P(win)=0.50  n=0  P(edge)=0.60  similar=0.50  TA=0.69  data-weight=0.00  0.16 lots  risk $122 (0.12% eq)  SL 17.9 pips  ~$18 if stopped  bayes P(edge)=0.60  p=0.42  R=2.38  ½K=0.043  scale=0.72  risk 0.72%  BANC×0.94  admit×0.60  tape×0.25  cost×0.97  vol×1.00  liq×0.75  chase×1.00  heat×0.35  (DOWN, k -0.75)  → OK|1005|PAPER
[2026-09-16 08:40] CLOSE SELL LOSS  0.16 lots  conf 61%  bar 45%  -0.1 pips  $-10.38  comm $1.12 slip $0.49 swap $0.00  snowball 0  (scalp scratch)
       → OK|1005
       rails  circuit  5 losses → pause 12 bars
       adapt  bar 45%  cal P(win)=0.50  P(edge) floor 0.38  learn frozen
[2026-09-16 09:05] skip SELL: day bias UP
[2026-09-16 12:15] 155.09599  raw t=HOLD f=HOLD tech=HOLD  fused T=HOLD t=HOLD f=HOLD cf=HOLD  → HOLD no-tech  k=-0.10 RSI=53  BANC×0.91  sugar lamp feed 0.20  eq $99918.14
[2026-09-16 18:55] 155.92200  raw t=HOLD f=HOLD tech=HOLD  fused T=HOLD t=HOLD f=HOLD cf=HOLD  → HOLD no-tech  k=+0.47 RSI=77  BANC×0.91  sugar lamp feed 0.20  eq $99918.14
[2026-09-17 01:35] 156.07300  raw t=HOLD f=HOLD tech=HOLD  fused T=HOLD t=HOLD f=HOLD cf=HOLD  → HOLD no-tech  k=+0.14 RSI=47  BANC×0.91  sugar lamp feed 0.20  eq $99918.14
[2026-09-17 07:45] SELL USDJPY 0.16 lots @ 155.64651  margin $24903.44  comm $0.56  3oo3+flow size×1.18  conf 61%  raw tech=SELL/bounce t=SELL f=SELL  fused T=SELL t=SELL f=SELL cf=SELL@0.32 fam {} 3oo3+flow  conf 61%  bar 45%  cal P(win)=0.50  n=0  P(edge)=0.60  similar=0.50  TA=0.75  data-weight=0.00  0.16 lots  risk $90 (0.09% eq)  SL 22.1 pips  ~$23 if stopped  bayes P(edge)=0.58  p=0.42  R=2.34  ½K=0.032  scale=0.53  risk 0.53%  BANC×0.92  admit×0.60  tape×0.26  cost×1.00  vol×1.00  liq×0.75  chase×1.00  heat×0.35  (DOWN, k -0.73)  → OK|1006|PAPER
[2026-09-17 08:15] 155.81400  raw t=SELL f=SELL tech=SELL  fused T=SELL t=SELL f=SELL cf=SELL  → SELL 3oo3+flow  k=-0.64 RSI=57  BANC×0.86  sugar lamp feed 0.20  eq $99899.77
[2026-09-17 08:45] CLOSE SELL LOSS  0.16 lots  conf 61%  bar 45%  -0.1 pips  $-14.88  comm $1.12 slip $0.51 swap $0.00  snowball 0  (scalp scratch)
       → OK|1006
       rails  circuit  6 losses → pause 12 bars
       adapt  bar 45%  cal P(win)=0.50  P(edge) floor 0.38  learn frozen
[2026-09-17 14:55] 155.73000  raw t=HOLD f=HOLD tech=HOLD  fused T=HOLD t=HOLD f=HOLD cf=HOLD  → HOLD no-tech  k=+0.03 RSI=55  BANC×0.84  sugar lamp feed 0.21  eq $99903.26
[2026-09-17 21:35] 155.93201  raw t=HOLD f=HOLD tech=HOLD  fused T=HOLD t=HOLD f=HOLD cf=HOLD  → HOLD no-tech  k=+0.03 RSI=43  BANC×0.88  sugar lamp feed 0.21  eq $99903.26
[2026-09-18 04:15] 156.92200  raw t=HOLD f=HOLD tech=HOLD  fused T=HOLD t=HOLD f=HOLD cf=HOLD  → HOLD no-tech  k=+0.86 RSI=61  BANC×0.89  sugar lamp feed 0.21  eq $99903.26
[2026-09-18 10:55] 157.75400  raw t=SELL f=SELL tech=HOLD  fused T=HOLD t=HOLD f=SELL cf=SELL  → HOLD no-tech  k=+0.82 RSI=45  BANC×0.89  sugar lamp feed 0.21  eq $99903.26
[2026-09-18 17:35] 156.70000  raw t=HOLD f=HOLD tech=HOLD  fused T=HOLD t=HOLD f=HOLD cf=HOLD  → HOLD no-tech  k=-0.80 RSI=38  BANC×0.89  sugar lamp feed 0.21  eq $99903.26
[2026-09-21 02:10] 156.80099  raw t=SELL f=SELL tech=HOLD  fused T=HOLD t=SELL f=SELL cf=SELL  → HOLD no-tech  k=-0.35 RSI=53  BANC×0.91  sugar lamp feed 0.21  eq $99903.26
[2026-09-21 08:50] 157.22501  raw t=SELL f=SELL tech=HOLD  fused T=HOLD t=HOLD f=SELL cf=HOLD  → HOLD no-tech  k=+0.64 RSI=59  BANC×0.96  sugar lamp feed 0.21  eq $99903.26
[2026-09-21 15:30] 157.46800  raw t=SELL f=SELL tech=HOLD  fused T=HOLD t=HOLD f=SELL cf=SELL  → HOLD no-tech  k=+0.73 RSI=60  BANC×0.96  sugar lamp feed 0.21  eq $99903.26
[2026-09-21 22:10] 157.33400  raw t=HOLD f=HOLD tech=HOLD  fused T=HOLD t=HOLD f=HOLD cf=HOLD  → HOLD no-tech  k=-0.34 RSI=49  BANC×0.97  sugar lamp feed 0.21  eq $99903.26
[2026-09-22 04:50] 157.47000  raw t=HOLD f=HOLD tech=HOLD  fused T=HOLD t=HOLD f=HOLD cf=HOLD  → HOLD no-tech  k=+0.51 RSI=50  BANC×0.99  sugar lamp feed 0.21  eq $99903.26
[2026-09-22 11:15] SELL USDJPY 0.15 lots @ 157.15488  margin $23573.23  comm $0.53  3oo3+flow size×1.22  conf 64%  raw tech=SELL/bounce t=SELL f=SELL  fused T=SELL t=SELL f=SELL cf=SELL@0.32 fam {} 3oo3+flow  conf 64%  bar 45%  cal P(win)=0.50  n=0  P(edge)=0.62  similar=0.50  TA=0.87  data-weight=0.00  0.15 lots  risk $152 (0.15% eq)  SL 21.6 pips  ~$21 if stopped  bayes P(edge)=0.61  p=0.43  R=2.38  ½K=0.044  scale=0.75  risk 0.75%  BANC×0.91  admit×0.60  tape×0.31  cost×0.97  vol×1.00  liq×0.90  chase×1.00  heat×0.35  (DOWN, k -0.63)  → OK|1007|PAPER
[2026-09-22 11:30] 157.18100  raw t=SELL f=SELL tech=HOLD  fused T=HOLD t=SELL f=SELL cf=SELL  → HOLD no-tech  k=-0.59 RSI=55  BANC×0.88  sugar lamp feed 0.20  eq $99899.50
[2026-09-22 12:15] CLOSE SELL LOSS  0.15 lots  conf 64%  bar 45%  -0.0 pips  $-4.72  comm $1.05 slip $0.44 swap $0.00  snowball 0  (scalp scratch)
       → OK|1007
       rails  circuit  7 losses → pause 12 bars
       adapt  bar 45%  cal P(win)=0.50  P(edge) floor 0.38  learn frozen
[2026-09-22 18:10] 157.36700  raw t=HOLD f=HOLD tech=BUY   fused T=BUY  t=HOLD f=HOLD cf=HOLD  → BUY  1oo3-bounce  k=+0.55 RSI=37  BANC×0.89  sugar lamp feed 0.22  eq $99898.54
[2026-09-23 00:50] 157.51500  raw t=SELL f=SELL tech=HOLD  fused T=HOLD t=HOLD f=SELL cf=HOLD  → HOLD no-tech  k=+0.61 RSI=57  BANC×0.95  sugar lamp feed 0.22  eq $99898.54
adapt  saved C:\Workspace\FlyFOREXTrader\reports\adapt_payoff_USDJPY.json  bar 45%  skips 0  SL 2.49  TP 12.0  impulse>=0.50  RSI 52/48

──────── trade report (costs included) ────────
  # side   lots  conf    entry     exit    pips        USD  reason
  1 SELL   0.16    61 153.21921 153.30286    -0.1      -9.85  scalp scratch
  2 SELL   0.16    58 153.21941 153.51656    -0.2     -32.09  ATR stop
  3 SELL   0.16    62 154.10529 154.26547    -0.1     -17.73  scalp scratch
  4 SELL   0.16    62 154.03066 154.13356    -0.1     -11.80  scalp scratch
  5 SELL   0.16    61 154.94451 155.03423    -0.1     -10.38  scalp scratch
  6 SELL   0.16    61 155.64651 155.78046    -0.1     -14.88  scalp scratch
  7 SELL   0.15    64 157.15488 157.19333    -0.0      -4.72  scalp scratch
──────────────────────────────────────────────
7 trades  0W/7L  win rate 0%  net -0.7 pips  net $-101.45
costs  spread≈$8.97  commission=$7.77  slippage=$3.94  swap=$0.00
account  start $100,000.00  balance $99,898.54  equity $99,898.54  margin $0.00  free $99,898.54  level n/a
leverage 1:100  rejected 0  stop-outs 0  avg 0.16 lots  return -0.101%
confidence  high>=60 0/6 (0%)  low<60 0/1 (0%)  (should separate as n grows)
plausibility  bar 45% -> 45%  mean cal P(win) 0.50
tax  model=no tax due on a net loss; the loss may carry forward depending on local rules  estimated due $0.00  after-tax $-101.45  effective 0.0%
      estimate only - not tax advice; set --tax-rate / --tax-model for your jurisdiction
saved C:\Workspace\FlyFOREXTrader\reports\trades-USDJPY-20260922-234201.csv
evo     missing  brains/USDCHF.evo.json — Train DA with evolve, or uncheck use evolved
sim account $100,000  leverage 1:100  commission $7.00/lot RT  slip 0.2 pip  spread 0.00016  quote CHF
sizing  1.00% of equity per trade, scaled by Bayesian half-Kelly  lot 0.01-20.00  margin cap 25% of free
risk-tol  balanced  factory geometry  risk-factor exits off
confidence  plausibility bar starts 45% (base 45%; evolves with calibration)
params  SL 2.40 ATR  TP 12.0 ATR  trail 3.20/1.80  RSI arm 52/48  min |impulse| 0.50
tax  24.0%  model=ordinary  (estimate at report time)
learn  frozen for this replay (traces loaded, rewards off)
brain   params  SL 2.47 ATR  RSI arm 52/48  impulse>=0.50
brain   loaded brains/USDCHF.json  DA n=5
risk  dynamic tape  spread/stop, ATR regime, London-NY liquidity, chase, heat  (same rules on every pair; stored pair risk_factors are not applied)
committee  cat-fuse  all live inverse-var mix → {tech, fly-trend, fly-fade} 2oo3   both BUY and SELL   parallel: flow-algo   fusion: Kalman+Bayes gate + fly-conf (native votes, abstain only)
pair-book  OFF (--no-pair-book)
snowball  on  add up to 2×55% of first lots  when fly-trend agrees, profit is past BE but not yet trailing, pullback from the extreme
martingale  on  ×1.20 after a scratch, ×1.28 cap; never after a full stop; freeze if DD/BANC/pair-admit
plastic  on  PAM/PPL dopamine × eligibility on readout + sensory gains (connectome W frozen)
BANC    female cluster net n=36  banc-clusters  risk voter mixed with MaleCNS ol_sensory+vnc_sensory  (full 188k edgelist needs CAVE_TOKEN)
sugar   native GRN lamp  23 cells  0.45×nice on the risk pass  (4k-era: eat every 2oo3, no skip/flatten; check sugar feed for the overlay)
rails   fly-trader kill 2.5% DD  (1.0% after snowball)  circuit 3 losses  pair-admit 2 trades / PF≥1.00 then full size
[2026-09-07 18:25] 0.80948  raw t=HOLD f=HOLD tech=HOLD  fused T=HOLD t=HOLD f=HOLD cf=HOLD  → HOLD no-tech  k=+0.30 RSI=50  BANC×1.00  sugar lamp feed 0.09  eq $100000.00
[2026-09-08 01:05] 0.80912  raw t=HOLD f=HOLD tech=HOLD  fused T=HOLD t=HOLD f=HOLD cf=HOLD  → HOLD no-tech  k=+0.05 RSI=51  BANC×1.00  sugar lamp feed 0.09  eq $100000.00
[2026-09-08 07:45] 0.81090  raw t=BUY  f=HOLD tech=HOLD  fused T=HOLD t=BUY  f=HOLD cf=BUY   → HOLD no-tech  k=+0.56 RSI=75  BANC×0.99  sugar lamp feed 0.25  eq $100000.00
[2026-09-08 14:25] 0.80923  raw t=SELL f=BUY  tech=HOLD  fused T=HOLD t=SELL f=BUY  cf=BUY   → HOLD no-tech  k=-0.52 RSI=38  BANC×0.98  sugar lamp feed 0.25  eq $100000.00
[2026-09-08 21:05] 0.80828  raw t=HOLD f=HOLD tech=HOLD  fused T=HOLD t=HOLD f=HOLD cf=HOLD  → HOLD no-tech  k=+0.23 RSI=26  BANC×0.99  sugar lamp feed 0.25  eq $100000.00
[2026-09-09 03:45] 0.80882  raw t=HOLD f=HOLD tech=HOLD  fused T=HOLD t=HOLD f=HOLD cf=HOLD  → HOLD no-tech  k=+0.17 RSI=33  BANC×0.99  sugar lamp feed 0.25  eq $100000.00
[2026-09-09 10:25] 0.80999  raw t=BUY  f=BUY  tech=HOLD  fused T=HOLD t=BUY  f=BUY  cf=BUY   → HOLD no-tech  k=+0.79 RSI=59  BANC×1.01  sugar lamp feed 0.25  eq $100000.00
[2026-09-09 10:40] skip BUY: cost/stop 0.39 (need <=0.22)
[2026-09-09 10:55] skip BUY: cost/stop 0.39 (need <=0.22)
[2026-09-09 11:10] skip BUY: day bias DOWN
[2026-09-09 17:05] 0.80963  raw t=HOLD f=HOLD tech=HOLD  fused T=HOLD t=HOLD f=HOLD cf=HOLD  → HOLD no-tech  k=+0.62 RSI=50  BANC×1.00  sugar lamp feed 0.27  eq $100000.00
[2026-09-09 23:45] 0.80977  raw t=HOLD f=HOLD tech=HOLD  fused T=HOLD t=HOLD f=HOLD cf=HOLD  → HOLD no-tech  k=+0.02 RSI=58  BANC×1.00  sugar lamp feed 0.27  eq $100000.00
[2026-09-10 06:25] 0.80853  raw t=HOLD f=HOLD tech=HOLD  fused T=HOLD t=HOLD f=HOLD cf=HOLD  → HOLD no-tech  k=-0.47 RSI=38  BANC×1.00  sugar lamp feed 0.27  eq $100000.00
[2026-09-10 10:10] skip BUY: cost/stop 0.39 (need <=0.22)
[2026-09-10 10:20] skip BUY: cost/stop 0.39 (need <=0.22)
[2026-09-10 13:05] 0.81343  raw t=BUY  f=HOLD tech=BUY   fused T=BUY  t=BUY  f=HOLD cf=BUY   → HOLD wide-spread-need-3oo3  k=+0.84 RSI=63  BANC×0.98  sugar lamp feed 0.26  eq $100000.00
[2026-09-10 13:45] BUY USDCHF 2.16 lots @ 0.81230  margin $1754.57  comm $7.56  3oo3+flow size×1.23  conf 65%  raw tech=BUY/bounce t=BUY f=BUY  fused T=BUY t=BUY f=BUY cf=BUY@0.32 fam {} 3oo3+flow  conf 65%  bar 45%  cal P(win)=0.50  n=0  P(edge)=0.60  similar=0.50  TA=0.88  data-weight=0.00  2.16 lots  risk $409 (0.41% eq)  SL 15.3 pips  ~$408 if stopped  bayes P(edge)=0.62  p=0.43  R=2.34  ½K=0.048  scale=0.81  risk 0.81%  admit×0.60  tape×0.69  cost×0.89  vol×0.78  liq×1.00  chase×1.00  heat×1.00  (UP, k +0.78)  → OK|1008|PAPER
[2026-09-10 14:45] CLOSE BUY LOSS  2.16 lots  conf 65%  bar 45%  -13.8 pips  $-298.95  comm $15.12 slip $12.26 swap $0.00  snowball 0  (scalp scratch)
       → OK|1008
       adapt  bar 45%  cal P(win)=0.50  P(edge) floor 0.38  learn frozen
[2026-09-10 19:45] 0.81287  raw t=HOLD f=HOLD tech=HOLD  fused T=HOLD t=HOLD f=HOLD cf=HOLD  → HOLD no-tech  k=+0.71 RSI=54  BANC×1.00  sugar lamp feed 0.27  eq $99701.05
[2026-09-11 02:25] 0.81368  raw t=HOLD f=HOLD tech=HOLD  fused T=HOLD t=HOLD f=HOLD cf=HOLD  → HOLD no-tech  k=+0.14 RSI=70  BANC×1.00  sugar lamp feed 0.27  eq $99701.05
[2026-09-11 08:35] skip BUY: cost/stop 0.31 (need <=0.22)
[2026-09-11 09:05] 0.81473  raw t=BUY  f=HOLD tech=HOLD  fused T=HOLD t=BUY  f=HOLD cf=BUY   → HOLD no-tech  k=+0.63 RSI=74  BANC×1.03  sugar lamp feed 0.27  eq $99701.05
[2026-09-11 11:55] skip BUY: cost/stop 0.39 (need <=0.22)
[2026-09-11 12:05] skip BUY: cost/stop 0.33 (need <=0.22)
[2026-09-11 15:45] 0.81590  raw t=BUY  f=BUY  tech=HOLD  fused T=HOLD t=BUY  f=BUY  cf=BUY   → HOLD no-tech  k=+0.33 RSI=62  BANC×1.01  sugar lamp feed 0.27  eq $99701.05
[2026-09-14 00:20] 0.81692  raw t=HOLD f=HOLD tech=HOLD  fused T=HOLD t=HOLD f=HOLD cf=HOLD  → HOLD no-tech  k=+0.48 RSI=57  BANC×1.02  sugar lamp feed 0.27  eq $99701.05
[2026-09-14 07:00] 0.81876  raw t=BUY  f=HOLD tech=HOLD  fused T=HOLD t=BUY  f=HOLD cf=BUY   → HOLD no-tech  k=+0.63 RSI=61  BANC×1.05  sugar lamp feed 0.27  eq $99701.05
[2026-09-14 08:05] skip BUY: cost/stop 0.33 (need <=0.22)
[2026-09-14 09:05] skip BUY: cost/stop 0.39 (need <=0.22)
[2026-09-14 09:30] skip BUY: cost/stop 0.32 (need <=0.22)
[2026-09-14 13:40] 0.81833  raw t=BUY  f=BUY  tech=HOLD  fused T=HOLD t=BUY  f=BUY  cf=BUY   → HOLD no-tech  k=+0.30 RSI=63  BANC×1.02  sugar lamp feed 0.27  eq $99701.05
[2026-09-14 14:45] skip BUY: cost/stop 0.25 (need <=0.22)
[2026-09-14 14:55] skip BUY: cost/stop 0.24 (need <=0.22)
[2026-09-14 15:10] skip BUY: cost/stop 0.23 (need <=0.22)
[2026-09-14 20:20] 0.81753  raw t=HOLD f=HOLD tech=HOLD  fused T=HOLD t=HOLD f=HOLD cf=HOLD  → HOLD no-tech  k=+0.30 RSI=76  BANC×1.02  sugar lamp feed 0.27  eq $99701.05
[2026-09-15 03:00] 0.81777  raw t=HOLD f=HOLD tech=HOLD  fused T=HOLD t=HOLD f=HOLD cf=HOLD  → HOLD no-tech  k=+0.76 RSI=44  BANC×1.02  sugar lamp feed 0.27  eq $99701.05
[2026-09-15 09:40] 0.81808  raw t=HOLD f=HOLD tech=HOLD  fused T=HOLD t=HOLD f=HOLD cf=HOLD  → HOLD no-tech  k=+0.05 RSI=62  BANC×1.04  sugar lamp feed 0.27  eq $99701.05
[2026-09-15 13:55] skip BUY: cost/stop 0.32 (need <=0.22)
[2026-09-15 16:20] 0.81888  raw t=HOLD f=HOLD tech=HOLD  fused T=HOLD t=HOLD f=HOLD cf=HOLD  → HOLD no-tech  k=+0.48 RSI=47  BANC×1.05  sugar lamp feed 0.27  eq $99701.05
[2026-09-15 23:00] 0.81896  raw t=HOLD f=HOLD tech=HOLD  fused T=HOLD t=HOLD f=HOLD cf=HOLD  → HOLD no-tech  k=+0.24 RSI=62  BANC×1.05  sugar lamp feed 0.27  eq $99701.05
[2026-09-16 05:40] 0.81857  raw t=HOLD f=HOLD tech=HOLD  fused T=HOLD t=HOLD f=HOLD cf=HOLD  → HOLD no-tech  k=-0.50 RSI=45  BANC×1.05  sugar lamp feed 0.27  eq $99701.05
[2026-09-16 12:20] 0.81901  raw t=HOLD f=HOLD tech=HOLD  fused T=HOLD t=HOLD f=HOLD cf=HOLD  → HOLD no-tech  k=+0.21 RSI=53  BANC×1.06  sugar lamp feed 0.27  eq $99701.05
[2026-09-16 19:00] 0.82422  raw t=HOLD f=HOLD tech=HOLD  fused T=HOLD t=HOLD f=HOLD cf=HOLD  → HOLD no-tech  k=+0.63 RSI=73  BANC×1.06  sugar lamp feed 0.27  eq $99701.05
[2026-09-17 01:40] 0.82588  raw t=HOLD f=HOLD tech=HOLD  fused T=HOLD t=HOLD f=HOLD cf=HOLD  → HOLD no-tech  k=+0.47 RSI=59  BANC×1.06  sugar lamp feed 0.27  eq $99701.05
[2026-09-17 08:20] 0.82575  raw t=HOLD f=HOLD tech=HOLD  fused T=HOLD t=HOLD f=HOLD cf=HOLD  → HOLD no-tech  k=-0.04 RSI=65  BANC×1.05  sugar lamp feed 0.27  eq $99701.05
[2026-09-17 10:30] skip BUY: cost/stop 0.40 (need <=0.22)
[2026-09-17 10:40] skip BUY: cost/stop 0.39 (need <=0.22)
[2026-09-17 15:00] 0.82370  raw t=SELL f=BUY  tech=SELL  fused T=SELL t=SELL f=BUY  cf=SELL  → HOLD veto BUY (t=SELL f=BUY tech=SELL)  k=-0.62 RSI=51  BANC×1.01  sugar lamp feed 0.27  eq $99701.05
[2026-09-17 21:40] 0.82356  raw t=HOLD f=HOLD tech=HOLD  fused T=HOLD t=HOLD f=HOLD cf=HOLD  → HOLD no-tech  k=-0.23 RSI=37  BANC×1.01  sugar lamp feed 0.27  eq $99701.05
[2026-09-18 04:20] 0.82260  raw t=HOLD f=HOLD tech=HOLD  fused T=HOLD t=HOLD f=HOLD cf=HOLD  → HOLD no-tech  k=-0.38 RSI=17  BANC×1.01  sugar lamp feed 0.27  eq $99701.05
[2026-09-18 08:15] skip BUY: cost/stop 0.30 (need <=0.22)
[2026-09-18 08:30] skip BUY: cost/stop 0.30 (need <=0.22)
[2026-09-18 11:00] 0.82471  raw t=BUY  f=BUY  tech=HOLD  fused T=HOLD t=BUY  f=BUY  cf=BUY   → HOLD no-tech  k=+0.45 RSI=46  BANC×1.04  sugar lamp feed 0.27  eq $99701.05
[2026-09-18 13:00] skip BUY: cost/stop 0.33 (need <=0.22)
[2026-09-18 17:40] 0.82214  raw t=HOLD f=HOLD tech=HOLD  fused T=HOLD t=HOLD f=HOLD cf=HOLD  → HOLD no-tech  k=-0.80 RSI=30  BANC×1.03  sugar lamp feed 0.27  eq $99701.05
[2026-09-21 02:20] 0.82270  raw t=HOLD f=HOLD tech=HOLD  fused T=HOLD t=HOLD f=HOLD cf=HOLD  → HOLD no-tech  k=+0.15 RSI=66  BANC×1.03  sugar lamp feed 0.27  eq $99701.05
[2026-09-21 07:50] skip BUY: day bias DOWN
[2026-09-21 09:00] 0.82345  raw t=HOLD f=HOLD tech=HOLD  fused T=HOLD t=HOLD f=HOLD cf=HOLD  → HOLD no-tech  k=+0.15 RSI=60  BANC×1.06  sugar lamp feed 0.27  eq $99701.05
[2026-09-21 15:40] 0.82104  raw t=SELL f=BUY  tech=HOLD  fused T=HOLD t=SELL f=BUY  cf=BUY   → HOLD no-tech  k=-0.35 RSI=45  BANC×1.04  sugar lamp feed 0.27  eq $99701.05
[2026-09-21 22:20] 0.82093  raw t=HOLD f=HOLD tech=HOLD  fused T=HOLD t=HOLD f=HOLD cf=HOLD  → HOLD no-tech  k=-0.44 RSI=53  BANC×1.04  sugar lamp feed 0.27  eq $99701.05
[2026-09-22 05:00] 0.82011  raw t=HOLD f=HOLD tech=HOLD  fused T=HOLD t=HOLD f=HOLD cf=HOLD  → HOLD no-tech  k=-0.68 RSI=36  BANC×1.04  sugar lamp feed 0.27  eq $99701.05
[2026-09-22 08:55] skip BUY: day bias DOWN
[2026-09-22 11:40] 0.81936  raw t=SELL f=BUY  tech=HOLD  fused T=HOLD t=SELL f=BUY  cf=SELL  → HOLD no-tech  k=-0.64 RSI=50  BANC×1.02  sugar lamp feed 0.27  eq $99701.05
[2026-09-22 18:20] 0.82077  raw t=HOLD f=HOLD tech=HOLD  fused T=HOLD t=HOLD f=HOLD cf=HOLD  → HOLD no-tech  k=+0.52 RSI=32  BANC×1.03  sugar lamp feed 0.27  eq $99701.05
[2026-09-23 01:00] 0.82087  raw t=HOLD f=HOLD tech=HOLD  fused T=HOLD t=HOLD f=HOLD cf=HOLD  → HOLD no-tech  k=+0.55 RSI=56  BANC×1.03  sugar lamp feed 0.27  eq $99701.05
adapt  saved C:\Workspace\FlyFOREXTrader\reports\adapt_payoff_USDCHF.json  bar 45%  skips 0  SL 2.47  TP 12.0  impulse>=0.50  RSI 52/48

──────── trade report (costs included) ────────
  # side   lots  conf    entry     exit    pips        USD  reason
  1 BUY    2.16    65  0.81230  0.81124   -13.8    -298.95  scalp scratch
──────────────────────────────────────────────
1 trades  0W/1L  win rate 0%  net -13.8 pips  net $-298.95
costs  spread≈$42.57  commission=$15.12  slippage=$12.26  swap=$0.00
account  start $100,000.00  balance $99,701.05  equity $99,701.05  margin $0.00  free $99,701.05  level n/a
leverage 1:100  rejected 0  stop-outs 0  avg 2.16 lots  return -0.299%
confidence  high>=60 0/1 (0%)  low<60 n/a  (should separate as n grows)
plausibility  bar 45% -> 45%  mean cal P(win) 0.50
tax  model=no tax due on a net loss; the loss may carry forward depending on local rules  estimated due $0.00  after-tax $-298.95  effective 0.0%
      estimate only - not tax advice; set --tax-rate / --tax-model for your jurisdiction
saved C:\Workspace\FlyFOREXTrader\reports\trades-USDCHF-20260922-234753.csv
evo     missing  brains/AUDUSD.evo.json — Train DA with evolve, or uncheck use evolved
sim account $100,000  leverage 1:100  commission $7.00/lot RT  slip 0.2 pip  spread 0.00014  quote USD
sizing  1.00% of equity per trade, scaled by Bayesian half-Kelly  lot 0.01-20.00  margin cap 25% of free
risk-tol  balanced  factory geometry  risk-factor exits off
confidence  plausibility bar starts 45% (base 45%; evolves with calibration)
params  SL 2.40 ATR  TP 12.0 ATR  trail 3.20/1.80  RSI arm 52/48  min |impulse| 0.50
tax  24.0%  model=ordinary  (estimate at report time)
learn  frozen for this replay (traces loaded, rewards off)
brain   params  SL 2.45 ATR  RSI arm 52/48  impulse>=0.50
brain   loaded brains/AUDUSD.json  DA n=6
risk  dynamic tape  spread/stop, ATR regime, London-NY liquidity, chase, heat  (same rules on every pair; stored pair risk_factors are not applied)
committee  cat-fuse  all live inverse-var mix → {tech, fly-trend, fly-fade} 2oo3   both BUY and SELL   parallel: flow-algo   fusion: Kalman+Bayes gate + fly-conf (native votes, abstain only)
pair-book  OFF (--no-pair-book)
snowball  on  add up to 2×55% of first lots  when fly-trend agrees, profit is past BE but not yet trailing, pullback from the extreme
martingale  on  ×1.20 after a scratch, ×1.28 cap; never after a full stop; freeze if DD/BANC/pair-admit
plastic  on  PAM/PPL dopamine × eligibility on readout + sensory gains (connectome W frozen)
BANC    female cluster net n=36  banc-clusters  risk voter mixed with MaleCNS ol_sensory+vnc_sensory  (full 188k edgelist needs CAVE_TOKEN)
sugar   native GRN lamp  23 cells  0.45×nice on the risk pass  (4k-era: eat every 2oo3, no skip/flatten; check sugar feed for the overlay)
rails   fly-trader kill 2.5% DD  (1.0% after snowball)  circuit 3 losses  pair-admit 2 trades / PF≥1.00 then full size
[2026-09-07 18:30] 0.72202  raw t=HOLD f=HOLD tech=HOLD  fused T=HOLD t=HOLD f=HOLD cf=HOLD  → HOLD no-tech  k=+0.24 RSI=50  BANC×1.00  sugar lamp feed 0.09  eq $100000.00
[2026-09-08 01:10] 0.72197  raw t=HOLD f=HOLD tech=HOLD  fused T=HOLD t=HOLD f=HOLD cf=HOLD  → HOLD no-tech  k=+0.00 RSI=45  BANC×1.05  sugar lamp feed 0.26  eq $100000.00
[2026-09-08 07:50] 0.72119  raw t=HOLD f=HOLD tech=HOLD  fused T=HOLD t=HOLD f=HOLD cf=HOLD  → HOLD no-tech  k=-0.14 RSI=39  BANC×1.04  sugar lamp feed 0.25  eq $100000.00
[2026-09-08 14:30] 0.72301  raw t=BUY  f=HOLD tech=BUY   fused T=BUY  t=BUY  f=HOLD cf=BUY   → HOLD wide-spread-need-3oo3  k=+0.80 RSI=63  BANC×1.04  sugar lamp feed 0.25  eq $100000.00
[2026-09-08 21:10] 0.72233  raw t=HOLD f=HOLD tech=HOLD  fused T=HOLD t=HOLD f=HOLD cf=HOLD  → HOLD no-tech  k=-0.31 RSI=62  BANC×1.04  sugar lamp feed 0.25  eq $100000.00
[2026-09-09 03:50] 0.72270  raw t=BUY  f=HOLD tech=HOLD  fused T=HOLD t=BUY  f=HOLD cf=HOLD  → HOLD no-tech  k=+0.31 RSI=57  BANC×1.05  sugar lamp feed 0.25  eq $100000.00
[2026-09-09 10:30] 0.72171  raw t=SELL f=BUY  tech=HOLD  fused T=HOLD t=SELL f=BUY  cf=SELL  → HOLD no-tech  k=-0.77 RSI=33  BANC×1.04  sugar lamp feed 0.25  eq $100000.00
[2026-09-09 15:25] skip BUY: day bias DOWN
[2026-09-09 17:10] 0.72249  raw t=HOLD f=HOLD tech=HOLD  fused T=HOLD t=HOLD f=HOLD cf=HOLD  → HOLD no-tech  k=-0.26 RSI=56  BANC×1.05  sugar lamp feed 0.25  eq $100000.00
[2026-09-09 23:50] 0.72239  raw t=HOLD f=HOLD tech=HOLD  fused T=HOLD t=HOLD f=HOLD cf=HOLD  → HOLD no-tech  k=+0.25 RSI=62  BANC×1.05  sugar lamp feed 0.25  eq $100000.00
[2026-09-10 06:30] 0.72176  raw t=HOLD f=HOLD tech=HOLD  fused T=HOLD t=HOLD f=HOLD cf=HOLD  → HOLD no-tech  k=-0.17 RSI=40  BANC×1.09  sugar lamp feed 0.27  eq $100000.00
[2026-09-10 13:10] 0.71623  raw t=SELL f=BUY  tech=HOLD  fused T=HOLD t=SELL f=BUY  cf=HOLD  → HOLD no-tech  k=-0.94 RSI=26  BANC×1.05  sugar lamp feed 0.27  eq $100000.00
[2026-09-10 19:50] 0.71608  raw t=HOLD f=HOLD tech=HOLD  fused T=HOLD t=HOLD f=HOLD cf=HOLD  → HOLD no-tech  k=-0.84 RSI=45  BANC×1.07  sugar lamp feed 0.27  eq $100000.00
[2026-09-11 02:30] 0.71567  raw t=HOLD f=HOLD tech=HOLD  fused T=HOLD t=HOLD f=HOLD cf=HOLD  → HOLD no-tech  k=+0.04 RSI=34  BANC×1.08  sugar lamp feed 0.27  eq $100000.00
[2026-09-11 09:10] 0.71700  raw t=BUY  f=HOLD tech=HOLD  fused T=HOLD t=BUY  f=HOLD cf=BUY   → HOLD no-tech  k=+0.54 RSI=45  BANC×1.08  sugar lamp feed 0.27  eq $100000.00
[2026-09-11 15:50] 0.71762  raw t=HOLD f=HOLD tech=HOLD  fused T=HOLD t=HOLD f=HOLD cf=HOLD  → HOLD no-tech  k=+0.20 RSI=48  BANC×1.06  sugar lamp feed 0.27  eq $100000.00
[2026-09-13 23:55] 0.71541  raw t=HOLD f=HOLD tech=HOLD  fused T=HOLD t=HOLD f=HOLD cf=HOLD  → HOLD no-tech  k=-0.82 RSI=22  BANC×1.06  sugar lamp feed 0.27  eq $100000.00
[2026-09-14 06:35] 0.71449  raw t=HOLD f=HOLD tech=HOLD  fused T=HOLD t=HOLD f=HOLD cf=HOLD  → HOLD no-tech  k=-0.67 RSI=37  BANC×1.08  sugar lamp feed 0.27  eq $100000.00
[2026-09-14 13:15] 0.71164  raw t=SELL f=BUY  tech=HOLD  fused T=HOLD t=SELL f=BUY  cf=SELL  → HOLD no-tech  k=-0.68 RSI=32  BANC×1.08  sugar lamp feed 0.27  eq $100000.00
[2026-09-14 19:55] 0.71423  raw t=HOLD f=HOLD tech=BUY   fused T=BUY  t=HOLD f=HOLD cf=HOLD  → HOLD wide-spread-need-3oo3  k=+0.55 RSI=40  BANC×1.07  sugar lamp feed 0.27  eq $100000.00
[2026-09-15 02:35] 0.71332  raw t=SELL f=BUY  tech=HOLD  fused T=HOLD t=SELL f=BUY  cf=HOLD  → HOLD no-tech  k=-0.66 RSI=45  BANC×1.09  sugar lamp feed 0.28  eq $100000.00
[2026-09-15 09:15] 0.71271  raw t=HOLD f=HOLD tech=HOLD  fused T=HOLD t=HOLD f=HOLD cf=HOLD  → HOLD no-tech  k=+0.15 RSI=49  BANC×1.08  sugar lamp feed 0.27  eq $100000.00
[2026-09-15 15:55] 0.71306  raw t=HOLD f=HOLD tech=HOLD  fused T=HOLD t=HOLD f=HOLD cf=HOLD  → HOLD no-tech  k=+0.17 RSI=48  BANC×1.09  sugar lamp feed 0.28  eq $100000.00
[2026-09-15 22:35] 0.71332  raw t=HOLD f=HOLD tech=HOLD  fused T=HOLD t=HOLD f=HOLD cf=HOLD  → HOLD no-tech  k=-0.04 RSI=50  BANC×1.09  sugar lamp feed 0.28  eq $100000.00
[2026-09-16 05:15] 0.71322  raw t=HOLD f=HOLD tech=HOLD  fused T=HOLD t=HOLD f=HOLD cf=HOLD  → HOLD no-tech  k=+0.18 RSI=57  BANC×1.09  sugar lamp feed 0.28  eq $100000.00
[2026-09-16 08:10] skip BUY: day bias DOWN
[2026-09-16 11:55] 0.71342  raw t=BUY  f=HOLD tech=HOLD  fused T=HOLD t=BUY  f=HOLD cf=BUY   → HOLD no-tech  k=+0.58 RSI=49  BANC×1.09  sugar lamp feed 0.28  eq $100000.00
[2026-09-16 18:35] 0.71058  raw t=HOLD f=HOLD tech=HOLD  fused T=HOLD t=HOLD f=HOLD cf=HOLD  → HOLD no-tech  k=-0.36 RSI=26  BANC×1.09  sugar lamp feed 0.28  eq $100000.00
[2026-09-17 01:15] 0.70982  raw t=HOLD f=HOLD tech=HOLD  fused T=HOLD t=HOLD f=HOLD cf=HOLD  → HOLD no-tech  k=-0.07 RSI=62  BANC×1.09  sugar lamp feed 0.28  eq $100000.00
[2026-09-17 07:55] 0.71195  raw t=BUY  f=HOLD tech=HOLD  fused T=HOLD t=BUY  f=HOLD cf=BUY   → HOLD no-tech  k=+0.88 RSI=58  BANC×1.08  sugar lamp feed 0.27  eq $100000.00
[2026-09-17 14:35] 0.71185  raw t=BUY  f=HOLD tech=HOLD  fused T=HOLD t=BUY  f=HOLD cf=BUY   → HOLD no-tech  k=+0.57 RSI=49  BANC×1.07  sugar lamp feed 0.27  eq $100000.00
[2026-09-17 21:15] 0.71149  raw t=HOLD f=HOLD tech=HOLD  fused T=HOLD t=HOLD f=HOLD cf=HOLD  → HOLD no-tech  k=-0.46 RSI=60  BANC×1.07  sugar lamp feed 0.27  eq $100000.00
[2026-09-18 03:55] 0.71367  raw t=BUY  f=HOLD tech=HOLD  fused T=HOLD t=BUY  f=HOLD cf=BUY   → HOLD no-tech  k=+0.88 RSI=81  BANC×1.08  sugar lamp feed 0.27  eq $100000.00
[2026-09-18 10:35] 0.71276  raw t=HOLD f=HOLD tech=HOLD  fused T=HOLD t=HOLD f=HOLD cf=HOLD  → HOLD no-tech  k=+0.35 RSI=48  BANC×1.09  sugar lamp feed 0.27  eq $100000.00
[2026-09-18 17:15] 0.71276  raw t=HOLD f=HOLD tech=HOLD  fused T=HOLD t=HOLD f=HOLD cf=HOLD  → HOLD no-tech  k=-0.01 RSI=75  BANC×1.09  sugar lamp feed 0.27  eq $100000.00
[2026-09-21 01:25] 0.71276  raw t=BUY  f=HOLD tech=HOLD  fused T=HOLD t=BUY  f=HOLD cf=BUY   → HOLD no-tech  k=+0.50 RSI=49  BANC×1.09  sugar lamp feed 0.28  eq $100000.00
[2026-09-21 08:05] 0.71311  raw t=BUY  f=HOLD tech=HOLD  fused T=HOLD t=BUY  f=HOLD cf=BUY   → HOLD no-tech  k=+0.37 RSI=58  BANC×1.09  sugar lamp feed 0.28  eq $100000.00
[2026-09-21 14:45] 0.71291  raw t=HOLD f=HOLD tech=HOLD  fused T=HOLD t=HOLD f=HOLD cf=HOLD  → HOLD no-tech  k=-0.23 RSI=40  BANC×1.09  sugar lamp feed 0.28  eq $100000.00
[2026-09-21 21:25] 0.71235  raw t=HOLD f=HOLD tech=SELL  fused T=SELL t=HOLD f=HOLD cf=HOLD  → HOLD wide-spread-need-3oo3  k=-0.65 RSI=54  BANC×1.09  sugar lamp feed 0.28  eq $100000.00
[2026-09-22 04:05] 0.71256  raw t=HOLD f=HOLD tech=HOLD  fused T=HOLD t=HOLD f=HOLD cf=HOLD  → HOLD no-tech  k=+0.22 RSI=61  BANC×1.07  sugar lamp feed 0.27  eq $100000.00
[2026-09-22 10:45] 0.71200  raw t=HOLD f=HOLD tech=HOLD  fused T=HOLD t=HOLD f=HOLD cf=HOLD  → HOLD no-tech  k=+0.01 RSI=61  BANC×1.06  sugar lamp feed 0.27  eq $100000.00
[2026-09-22 17:25] 0.71068  raw t=HOLD f=HOLD tech=HOLD  fused T=HOLD t=HOLD f=HOLD cf=HOLD  → HOLD no-tech  k=-0.64 RSI=53  BANC×1.08  sugar lamp feed 0.27  eq $100000.00
[2026-09-23 00:05] 0.71119  raw t=HOLD f=HOLD tech=HOLD  fused T=HOLD t=HOLD f=HOLD cf=HOLD  → HOLD no-tech  k=-0.05 RSI=29  BANC×1.08  sugar lamp feed 0.27  eq $100000.00
adapt  saved C:\Workspace\FlyFOREXTrader\reports\adapt_payoff_AUDUSD.json  bar 45%  skips 0  SL 2.45  TP 12.0  impulse>=0.50  RSI 52/48

──────── trade report (costs included) ────────
  # side   lots  conf    entry     exit    pips        USD  reason
──────────────────────────────────────────────
No setups passed the session / pullback / cost filters.
0 trades  0W/0L  win rate 0%  net +0.0 pips  net $+0.00
costs  spread≈$0.00  commission=$0.00  slippage=$0.00  swap=$0.00
account  start $100,000.00  balance $100,000.00  equity $100,000.00  margin $0.00  free $100,000.00  level n/a
leverage 1:100  rejected 0  stop-outs 0  avg 0.01 lots  return +0.000%
tax  model=no tax due on a net loss; the loss may carry forward depending on local rules  estimated due $0.00  after-tax $0.00  effective 0.0%
      estimate only - not tax advice; set --tax-rate / --tax-model for your jurisdiction
saved C:\Workspace\FlyFOREXTrader\reports\trades-AUDUSD-20260922-235654.csv
evo     missing  brains/EURGBP.evo.json — Train DA with evolve, or uncheck use evolved
sim account $100,000  leverage 1:100  commission $7.00/lot RT  slip 0.2 pip  spread 0.00014  quote GBP
sizing  1.00% of equity per trade, scaled by Bayesian half-Kelly  lot 0.01-20.00  margin cap 25% of free
risk-tol  balanced  factory geometry  risk-factor exits off
confidence  plausibility bar starts 45% (base 45%; evolves with calibration)
params  SL 2.40 ATR  TP 12.0 ATR  trail 3.20/1.80  RSI arm 52/48  min |impulse| 0.50
tax  24.0%  model=ordinary  (estimate at report time)
learn  frozen for this replay (traces loaded, rewards off)
brain   params  SL 2.40 ATR  RSI arm 52/48  impulse>=0.50
brain   loaded brains/EURGBP.json  DA n=4
risk  dynamic tape  spread/stop, ATR regime, London-NY liquidity, chase, heat  (same rules on every pair; stored pair risk_factors are not applied)
committee  cat-fuse  all live inverse-var mix → {tech, fly-trend, fly-fade} 2oo3   both BUY and SELL   parallel: flow-algo   fusion: Kalman+Bayes gate + fly-conf (native votes, abstain only)
pair-book  OFF (--no-pair-book)
snowball  on  add up to 2×55% of first lots  when fly-trend agrees, profit is past BE but not yet trailing, pullback from the extreme
martingale  on  ×1.20 after a scratch, ×1.28 cap; never after a full stop; freeze if DD/BANC/pair-admit
plastic  on  PAM/PPL dopamine × eligibility on readout + sensory gains (connectome W frozen)
BANC    female cluster net n=36  banc-clusters  risk voter mixed with MaleCNS ol_sensory+vnc_sensory  (full 188k edgelist needs CAVE_TOKEN)
sugar   native GRN lamp  23 cells  0.45×nice on the risk pass  (4k-era: eat every 2oo3, no skip/flatten; check sugar feed for the overlay)
rails   fly-trader kill 2.5% DD  (1.0% after snowball)  circuit 3 losses  pair-admit 2 trades / PF≥1.00 then full size
[2026-09-07 18:40] 0.85834  raw t=HOLD f=HOLD tech=HOLD  fused T=HOLD t=HOLD f=HOLD cf=HOLD  → HOLD no-tech  k=+0.27 RSI=50  BANC×1.00  sugar lamp feed 0.09  eq $100000.00
[2026-09-08 01:20] 0.85851  raw t=HOLD f=HOLD tech=HOLD  fused T=HOLD t=HOLD f=HOLD cf=HOLD  → HOLD no-tech  k=+0.50 RSI=60  BANC×1.00  sugar lamp feed 0.09  eq $100000.00
[2026-09-08 08:00] 0.85807  raw t=SELL f=BUY  tech=HOLD  fused T=HOLD t=SELL f=BUY  cf=HOLD  → HOLD no-tech  k=-0.35 RSI=38  BANC×1.04  sugar lamp feed 0.25  eq $100000.00
[2026-09-08 14:40] 0.85800  raw t=HOLD f=HOLD tech=HOLD  fused T=HOLD t=HOLD f=HOLD cf=HOLD  → HOLD no-tech  k=-0.28 RSI=64  BANC×1.03  sugar lamp feed 0.25  eq $100000.00
[2026-09-08 21:20] 0.85860  raw t=HOLD f=HOLD tech=HOLD  fused T=HOLD t=HOLD f=HOLD cf=HOLD  → HOLD no-tech  k=-0.00 RSI=57  BANC×1.03  sugar lamp feed 0.25  eq $100000.00
[2026-09-09 04:00] 0.85857  raw t=HOLD f=HOLD tech=HOLD  fused T=HOLD t=HOLD f=HOLD cf=HOLD  → HOLD no-tech  k=+0.23 RSI=47  BANC×1.03  sugar lamp feed 0.25  eq $100000.00
[2026-09-09 10:40] 0.85882  raw t=BUY  f=HOLD tech=HOLD  fused T=HOLD t=BUY  f=HOLD cf=BUY   → HOLD no-tech  k=+0.51 RSI=48  BANC×1.04  sugar lamp feed 0.25  eq $100000.00
[2026-09-09 17:20] 0.85839  raw t=HOLD f=HOLD tech=HOLD  fused T=HOLD t=HOLD f=HOLD cf=HOLD  → HOLD no-tech  k=-0.41 RSI=43  BANC×1.03  sugar lamp feed 0.25  eq $100000.00
[2026-09-10 00:00] 0.85862  raw t=HOLD f=HOLD tech=HOLD  fused T=HOLD t=HOLD f=HOLD cf=HOLD  → HOLD no-tech  k=+0.01 RSI=47  BANC×1.03  sugar lamp feed 0.25  eq $100000.00
[2026-09-10 06:40] 0.85854  raw t=HOLD f=HOLD tech=HOLD  fused T=HOLD t=HOLD f=HOLD cf=HOLD  → HOLD no-tech  k=+0.30 RSI=49  BANC×1.03  sugar lamp feed 0.25  eq $100000.00
[2026-09-10 13:20] 0.85926  raw t=BUY  f=HOLD tech=HOLD  fused T=HOLD t=BUY  f=HOLD cf=HOLD  → HOLD no-tech  k=+0.46 RSI=55  BANC×1.01  sugar lamp feed 0.25  eq $100000.00
[2026-09-10 20:00] 0.85940  raw t=HOLD f=HOLD tech=HOLD  fused T=HOLD t=HOLD f=HOLD cf=HOLD  → HOLD no-tech  k=+0.33 RSI=52  BANC×1.02  sugar lamp feed 0.25  eq $100000.00
[2026-09-11 02:40] 0.85956  raw t=HOLD f=HOLD tech=HOLD  fused T=HOLD t=HOLD f=HOLD cf=HOLD  → HOLD no-tech  k=+0.57 RSI=58  BANC×1.02  sugar lamp feed 0.25  eq $100000.00
[2026-09-11 09:20] 0.85863  raw t=SELL f=BUY  tech=HOLD  fused T=HOLD t=SELL f=BUY  cf=SELL  → HOLD no-tech  k=-0.30 RSI=44  BANC×1.03  sugar lamp feed 0.25  eq $100000.00
[2026-09-11 16:00] 0.85808  raw t=HOLD f=HOLD tech=HOLD  fused T=HOLD t=HOLD f=HOLD cf=HOLD  → HOLD no-tech  k=+0.01 RSI=44  BANC×1.02  sugar lamp feed 0.25  eq $100000.00
[2026-09-14 00:10] 0.85708  raw t=HOLD f=HOLD tech=HOLD  fused T=HOLD t=HOLD f=HOLD cf=HOLD  → HOLD no-tech  k=-0.58 RSI=40  BANC×1.02  sugar lamp feed 0.25  eq $100000.00
[2026-09-14 06:50] 0.85632  raw t=HOLD f=HOLD tech=HOLD  fused T=HOLD t=HOLD f=HOLD cf=HOLD  → HOLD no-tech  k=-0.66 RSI=40  BANC×1.02  sugar lamp feed 0.25  eq $100000.00
[2026-09-14 13:30] 0.85603  raw t=HOLD f=HOLD tech=HOLD  fused T=HOLD t=HOLD f=HOLD cf=HOLD  → HOLD no-tech  k=-0.15 RSI=53  BANC×1.03  sugar lamp feed 0.25  eq $100000.00
[2026-09-14 20:10] 0.85540  raw t=HOLD f=HOLD tech=HOLD  fused T=HOLD t=HOLD f=HOLD cf=HOLD  → HOLD no-tech  k=-0.77 RSI=47  BANC×1.03  sugar lamp feed 0.25  eq $100000.00
[2026-09-15 02:50] 0.85553  raw t=HOLD f=HOLD tech=HOLD  fused T=HOLD t=HOLD f=HOLD cf=HOLD  → HOLD no-tech  k=+0.26 RSI=68  BANC×1.03  sugar lamp feed 0.25  eq $100000.00
[2026-09-15 09:30] 0.85609  raw t=BUY  f=SELL tech=BUY   fused T=BUY  t=BUY  f=SELL cf=BUY   → HOLD veto SELL (t=BUY f=SELL tech=BUY)  k=+0.57 RSI=51  BANC×1.03  sugar lamp feed 0.25  eq $100000.00
[2026-09-15 16:10] 0.85642  raw t=HOLD f=HOLD tech=HOLD  fused T=HOLD t=HOLD f=HOLD cf=HOLD  → HOLD no-tech  k=+0.28 RSI=64  BANC×1.04  sugar lamp feed 0.25  eq $100000.00
[2026-09-15 22:50] 0.85627  raw t=HOLD f=HOLD tech=HOLD  fused T=HOLD t=HOLD f=HOLD cf=HOLD  → HOLD no-tech  k=+0.28 RSI=48  BANC×1.04  sugar lamp feed 0.25  eq $100000.00
[2026-09-16 05:30] 0.85611  raw t=HOLD f=HOLD tech=HOLD  fused T=HOLD t=HOLD f=HOLD cf=HOLD  → HOLD no-tech  k=-0.54 RSI=45  BANC×1.04  sugar lamp feed 0.25  eq $100000.00
[2026-09-16 12:10] 0.85733  raw t=BUY  f=HOLD tech=HOLD  fused T=HOLD t=BUY  f=HOLD cf=BUY   → HOLD no-tech  k=+0.34 RSI=69  BANC×1.04  sugar lamp feed 0.25  eq $100000.00
[2026-09-16 18:50] 0.85695  raw t=HOLD f=HOLD tech=HOLD  fused T=HOLD t=HOLD f=HOLD cf=HOLD  → HOLD no-tech  k=+0.29 RSI=28  BANC×1.03  sugar lamp feed 0.25  eq $100000.00
[2026-09-17 01:30] 0.85692  raw t=HOLD f=HOLD tech=HOLD  fused T=HOLD t=HOLD f=HOLD cf=HOLD  → HOLD no-tech  k=+0.14 RSI=52  BANC×1.03  sugar lamp feed 0.25  eq $100000.00
[2026-09-17 08:10] 0.85709  raw t=BUY  f=BUY  tech=HOLD  fused T=HOLD t=BUY  f=BUY  cf=HOLD  → HOLD no-tech  k=+0.37 RSI=57  BANC×1.04  sugar lamp feed 0.25  eq $100000.00
[2026-09-17 14:50] 0.86036  raw t=BUY  f=SELL tech=HOLD  fused T=HOLD t=BUY  f=SELL cf=BUY   → HOLD no-tech  k=+0.88 RSI=73  BANC×1.01  sugar lamp feed 0.25  eq $100000.00
[2026-09-17 21:30] 0.85899  raw t=HOLD f=HOLD tech=HOLD  fused T=HOLD t=HOLD f=HOLD cf=HOLD  → HOLD no-tech  k=-0.07 RSI=40  BANC×1.01  sugar lamp feed 0.25  eq $100000.00
[2026-09-18 04:10] 0.85915  raw t=HOLD f=HOLD tech=HOLD  fused T=HOLD t=HOLD f=HOLD cf=HOLD  → HOLD no-tech  k=-0.21 RSI=48  BANC×1.01  sugar lamp feed 0.25  eq $100000.00
[2026-09-18 10:50] 0.85904  raw t=HOLD f=HOLD tech=HOLD  fused T=HOLD t=HOLD f=HOLD cf=HOLD  → HOLD no-tech  k=+0.05 RSI=52  BANC×1.03  sugar lamp feed 0.25  eq $100000.00
[2026-09-18 17:30] 0.85750  raw t=HOLD f=HOLD tech=SELL  fused T=SELL t=HOLD f=HOLD cf=HOLD  → HOLD wide-spread-need-3oo3  k=-0.80 RSI=47  BANC×1.02  sugar lamp feed 0.25  eq $100000.00
[2026-09-21 01:40] 0.85753  raw t=HOLD f=HOLD tech=HOLD  fused T=HOLD t=HOLD f=HOLD cf=HOLD  → HOLD no-tech  k=+0.23 RSI=56  BANC×1.02  sugar lamp feed 0.25  eq $100000.00
[2026-09-21 08:20] 0.85761  raw t=HOLD f=HOLD tech=HOLD  fused T=HOLD t=HOLD f=HOLD cf=HOLD  → HOLD no-tech  k=+0.36 RSI=44  BANC×1.04  sugar lamp feed 0.25  eq $100000.00
[2026-09-21 15:00] 0.85785  raw t=HOLD f=HOLD tech=HOLD  fused T=HOLD t=HOLD f=HOLD cf=HOLD  → HOLD no-tech  k=+0.03 RSI=60  BANC×1.04  sugar lamp feed 0.25  eq $100000.00
[2026-09-21 21:40] 0.85732  raw t=HOLD f=HOLD tech=HOLD  fused T=HOLD t=HOLD f=HOLD cf=HOLD  → HOLD no-tech  k=-0.16 RSI=41  BANC×1.04  sugar lamp feed 0.25  eq $100000.00
[2026-09-22 04:20] 0.85738  raw t=HOLD f=HOLD tech=HOLD  fused T=HOLD t=HOLD f=HOLD cf=HOLD  → HOLD no-tech  k=-0.26 RSI=38  BANC×1.04  sugar lamp feed 0.25  eq $100000.00
[2026-09-22 11:00] 0.85801  raw t=BUY  f=SELL tech=HOLD  fused T=HOLD t=BUY  f=SELL cf=BUY   → HOLD no-tech  k=+0.38 RSI=61  BANC×1.02  sugar lamp feed 0.25  eq $100000.00
[2026-09-22 17:40] 0.85794  raw t=HOLD f=HOLD tech=HOLD  fused T=HOLD t=HOLD f=HOLD cf=HOLD  → HOLD no-tech  k=+0.51 RSI=54  BANC×1.03  sugar lamp feed 0.25  eq $100000.00
[2026-09-23 00:20] 0.85797  raw t=HOLD f=HOLD tech=HOLD  fused T=HOLD t=HOLD f=HOLD cf=HOLD  → HOLD no-tech  k=+0.30 RSI=60  BANC×1.03  sugar lamp feed 0.25  eq $100000.00
adapt  saved C:\Workspace\FlyFOREXTrader\reports\adapt_payoff_EURGBP.json  bar 45%  skips 0  SL 2.40  TP 12.0  impulse>=0.50  RSI 52/48

──────── trade report (costs included) ────────
  # side   lots  conf    entry     exit    pips        USD  reason
──────────────────────────────────────────────
No setups passed the session / pullback / cost filters.
0 trades  0W/0L  win rate 0%  net +0.0 pips  net $+0.00
costs  spread≈$0.00  commission=$0.00  slippage=$0.00  swap=$0.00
account  start $100,000.00  balance $100,000.00  equity $100,000.00  margin $0.00  free $100,000.00  level n/a
leverage 1:100  rejected 0  stop-outs 0  avg 0.01 lots  return +0.000%
tax  model=no tax due on a net loss; the loss may carry forward depending on local rules  estimated due $0.00  after-tax $0.00  effective 0.0%
      estimate only - not tax advice; set --tax-rate / --tax-model for your jurisdiction
saved C:\Workspace\FlyFOREXTrader\reports\trades-EURGBP-20260923-000222.csv
evo     missing  brains/USDCAD.evo.json — Train DA with evolve, or uncheck use evolved
sim account $100,000  leverage 1:100  commission $7.00/lot RT  slip 0.2 pip  spread 0.00016  quote CAD
sizing  1.00% of equity per trade, scaled by Bayesian half-Kelly  lot 0.01-20.00  margin cap 25% of free
risk-tol  balanced  factory geometry  risk-factor exits off
confidence  plausibility bar starts 45% (base 45%; evolves with calibration)
params  SL 2.40 ATR  TP 12.0 ATR  trail 3.20/1.80  RSI arm 52/48  min |impulse| 0.50
tax  24.0%  model=ordinary  (estimate at report time)
learn  frozen for this replay (traces loaded, rewards off)
brain   params  SL 2.40 ATR  RSI arm 52/48  impulse>=0.50
brain   loaded brains/USDCAD.json  DA n=3
risk  dynamic tape  spread/stop, ATR regime, London-NY liquidity, chase, heat  (same rules on every pair; stored pair risk_factors are not applied)
committee  cat-fuse  all live inverse-var mix → {tech, fly-trend, fly-fade} 2oo3   both BUY and SELL   parallel: flow-algo   fusion: Kalman+Bayes gate + fly-conf (native votes, abstain only)
pair-book  OFF (--no-pair-book)
snowball  on  add up to 2×55% of first lots  when fly-trend agrees, profit is past BE but not yet trailing, pullback from the extreme
martingale  on  ×1.20 after a scratch, ×1.28 cap; never after a full stop; freeze if DD/BANC/pair-admit
plastic  on  PAM/PPL dopamine × eligibility on readout + sensory gains (connectome W frozen)
BANC    female cluster net n=36  banc-clusters  risk voter mixed with MaleCNS ol_sensory+vnc_sensory  (full 188k edgelist needs CAVE_TOKEN)
sugar   native GRN lamp  23 cells  0.45×nice on the risk pass  (4k-era: eat every 2oo3, no skip/flatten; check sugar feed for the overlay)
rails   fly-trader kill 2.5% DD  (1.0% after snowball)  circuit 3 losses  pair-admit 2 trades / PF≥1.00 then full size
[2026-09-07 18:45] 1.38149  raw t=HOLD f=HOLD tech=HOLD  fused T=HOLD t=HOLD f=HOLD cf=HOLD  → HOLD no-tech  k=+0.33 RSI=50  BANC×1.00  sugar lamp feed 0.09  eq $100000.00
[2026-09-08 01:25] 1.38022  raw t=HOLD f=HOLD tech=HOLD  fused T=HOLD t=HOLD f=HOLD cf=HOLD  → HOLD no-tech  k=-0.19 RSI=40  BANC×1.00  sugar lamp feed 0.09  eq $100000.00
[2026-09-08 08:05] 1.37952  raw t=HOLD f=HOLD tech=HOLD  fused T=HOLD t=HOLD f=HOLD cf=HOLD  → HOLD no-tech  k=-0.10 RSI=53  BANC×0.91  sugar lamp feed 0.24  eq $100000.00
[2026-09-08 14:45] 1.37661  raw t=SELL f=HOLD tech=HOLD  fused T=HOLD t=SELL f=HOLD cf=SELL  → HOLD no-tech  k=-0.54 RSI=31  BANC×0.89  sugar lamp feed 0.24  eq $100000.00
[2026-09-08 21:25] 1.37837  raw t=HOLD f=HOLD tech=HOLD  fused T=HOLD t=HOLD f=HOLD cf=HOLD  → HOLD no-tech  k=-0.04 RSI=53  BANC×0.90  sugar lamp feed 0.24  eq $100000.00
[2026-09-09 04:05] 1.37746  raw t=HOLD f=HOLD tech=HOLD  fused T=HOLD t=HOLD f=HOLD cf=HOLD  → HOLD no-tech  k=-0.08 RSI=48  BANC×0.90  sugar lamp feed 0.24  eq $100000.00
[2026-09-09 10:45] 1.37770  raw t=BUY  f=HOLD tech=HOLD  fused T=HOLD t=BUY  f=HOLD cf=HOLD  → HOLD no-tech  k=+0.39 RSI=46  BANC×0.92  sugar lamp feed 0.24  eq $100000.00
[2026-09-09 17:25] 1.38017  raw t=HOLD f=HOLD tech=HOLD  fused T=HOLD t=HOLD f=HOLD cf=HOLD  → HOLD no-tech  k=+0.48 RSI=48  BANC×0.90  sugar lamp feed 0.24  eq $100000.00
[2026-09-10 00:05] 1.38073  raw t=HOLD f=HOLD tech=HOLD  fused T=HOLD t=HOLD f=HOLD cf=HOLD  → HOLD no-tech  k=+0.05 RSI=60  BANC×0.90  sugar lamp feed 0.24  eq $100000.00
[2026-09-10 06:45] 1.38080  raw t=HOLD f=HOLD tech=HOLD  fused T=HOLD t=HOLD f=HOLD cf=HOLD  → HOLD no-tech  k=+0.20 RSI=54  BANC×0.90  sugar lamp feed 0.24  eq $100000.00
[2026-09-10 13:25] 1.38241  raw t=BUY  f=SELL tech=HOLD  fused T=HOLD t=BUY  f=SELL cf=HOLD  → HOLD no-tech  k=+0.56 RSI=53  BANC×0.90  sugar lamp feed 0.24  eq $100000.00
[2026-09-10 20:05] 1.38362  raw t=HOLD f=HOLD tech=HOLD  fused T=HOLD t=HOLD f=HOLD cf=HOLD  → HOLD no-tech  k=+0.57 RSI=65  BANC×0.90  sugar lamp feed 0.24  eq $100000.00
[2026-09-11 02:45] 1.38404  raw t=HOLD f=HOLD tech=HOLD  fused T=HOLD t=HOLD f=HOLD cf=HOLD  → HOLD no-tech  k=+0.50 RSI=57  BANC×0.90  sugar lamp feed 0.24  eq $100000.00
[2026-09-11 09:25] 1.38455  raw t=BUY  f=HOLD tech=HOLD  fused T=HOLD t=BUY  f=HOLD cf=HOLD  → HOLD no-tech  k=+0.40 RSI=57  BANC×0.93  sugar lamp feed 0.24  eq $100000.00
[2026-09-11 16:05] 1.38640  raw t=HOLD f=HOLD tech=HOLD  fused T=HOLD t=HOLD f=HOLD cf=HOLD  → HOLD no-tech  k=+0.40 RSI=40  BANC×0.90  sugar lamp feed 0.24  eq $100000.00
[2026-09-14 00:40] 1.38703  raw t=HOLD f=HOLD tech=HOLD  fused T=HOLD t=HOLD f=HOLD cf=HOLD  → HOLD no-tech  k=+0.25 RSI=56  BANC×0.90  sugar lamp feed 0.24  eq $100000.00
[2026-09-14 07:20] 1.38765  raw t=BUY  f=HOLD tech=HOLD  fused T=HOLD t=BUY  f=HOLD cf=HOLD  → HOLD no-tech  k=+0.35 RSI=54  BANC×0.92  sugar lamp feed 0.24  eq $100000.00
[2026-09-14 14:00] 1.39254  raw t=BUY  f=SELL tech=HOLD  fused T=HOLD t=BUY  f=SELL cf=HOLD  → HOLD no-tech  k=+0.70 RSI=70  BANC×0.90  sugar lamp feed 0.24  eq $100000.00
[2026-09-14 20:40] 1.39024  raw t=HOLD f=HOLD tech=HOLD  fused T=HOLD t=HOLD f=HOLD cf=HOLD  → HOLD no-tech  k=+0.19 RSI=49  BANC×0.90  sugar lamp feed 0.24  eq $100000.00
[2026-09-15 03:20] 1.39119  raw t=HOLD f=HOLD tech=HOLD  fused T=HOLD t=HOLD f=HOLD cf=HOLD  → HOLD no-tech  k=+0.49 RSI=63  BANC×0.90  sugar lamp feed 0.24  eq $100000.00
[2026-09-15 10:00] 1.39065  raw t=HOLD f=HOLD tech=HOLD  fused T=HOLD t=HOLD f=HOLD cf=HOLD  → HOLD no-tech  k=+0.18 RSI=56  BANC×0.90  sugar lamp feed 0.24  eq $100000.00
[2026-09-15 16:40] 1.39100  raw t=HOLD f=HOLD tech=HOLD  fused T=HOLD t=HOLD f=HOLD cf=HOLD  → HOLD no-tech  k=+0.14 RSI=35  BANC×0.91  sugar lamp feed 0.24  eq $100000.00
[2026-09-15 23:20] 1.39223  raw t=HOLD f=HOLD tech=HOLD  fused T=HOLD t=HOLD f=HOLD cf=HOLD  → HOLD no-tech  k=+0.27 RSI=60  BANC×0.91  sugar lamp feed 0.24  eq $100000.00
[2026-09-16 06:00] 1.39233  raw t=HOLD f=HOLD tech=HOLD  fused T=HOLD t=HOLD f=HOLD cf=HOLD  → HOLD no-tech  k=+0.01 RSI=39  BANC×0.91  sugar lamp feed 0.24  eq $100000.00
[2026-09-16 12:40] 1.39409  raw t=BUY  f=HOLD tech=HOLD  fused T=HOLD t=BUY  f=HOLD cf=HOLD  → HOLD no-tech  k=+0.51 RSI=63  BANC×0.92  sugar lamp feed 0.24  eq $100000.00
[2026-09-16 19:20] 1.39922  raw t=HOLD f=HOLD tech=HOLD  fused T=HOLD t=HOLD f=HOLD cf=HOLD  → HOLD no-tech  k=+0.71 RSI=73  BANC×0.91  sugar lamp feed 0.24  eq $100000.00
[2026-09-17 02:00] 1.39933  raw t=HOLD f=HOLD tech=HOLD  fused T=HOLD t=HOLD f=HOLD cf=HOLD  → HOLD no-tech  k=+0.52 RSI=55  BANC×0.91  sugar lamp feed 0.24  eq $100000.00
[2026-09-17 08:40] 1.39868  raw t=HOLD f=HOLD tech=HOLD  fused T=HOLD t=HOLD f=HOLD cf=HOLD  → HOLD no-tech  k=+0.16 RSI=49  BANC×0.91  sugar lamp feed 0.24  eq $100000.00
[2026-09-17 15:20] 1.39889  raw t=HOLD f=HOLD tech=HOLD  fused T=HOLD t=HOLD f=HOLD cf=HOLD  → HOLD no-tech  k=-0.20 RSI=61  BANC×0.91  sugar lamp feed 0.24  eq $100000.00
[2026-09-17 22:00] 1.39904  raw t=HOLD f=HOLD tech=HOLD  fused T=HOLD t=HOLD f=HOLD cf=HOLD  → HOLD no-tech  k=+0.30 RSI=50  BANC×0.91  sugar lamp feed 0.24  eq $100000.00
[2026-09-18 04:40] 1.39796  raw t=HOLD f=HOLD tech=HOLD  fused T=HOLD t=HOLD f=HOLD cf=HOLD  → HOLD no-tech  k=-0.41 RSI=47  BANC×0.91  sugar lamp feed 0.24  eq $100000.00
[2026-09-18 11:20] 1.40049  raw t=BUY  f=HOLD tech=HOLD  fused T=HOLD t=BUY  f=HOLD cf=BUY   → HOLD no-tech  k=+0.44 RSI=60  BANC×0.93  sugar lamp feed 0.24  eq $100000.00
[2026-09-18 18:00] 1.39942  raw t=HOLD f=HOLD tech=HOLD  fused T=HOLD t=HOLD f=HOLD cf=HOLD  → HOLD no-tech  k=-0.29 RSI=35  BANC×0.91  sugar lamp feed 0.24  eq $100000.00
[2026-09-21 02:30] 1.39993  raw t=HOLD f=HOLD tech=HOLD  fused T=HOLD t=HOLD f=HOLD cf=HOLD  → HOLD no-tech  k=+0.51 RSI=61  BANC×0.91  sugar lamp feed 0.24  eq $100000.00
[2026-09-21 09:10] 1.40133  raw t=BUY  f=SELL tech=HOLD  fused T=HOLD t=BUY  f=SELL cf=HOLD  → HOLD no-tech  k=+0.38 RSI=52  BANC×0.94  sugar lamp feed 0.24  eq $100000.00
[2026-09-21 15:50] 1.40239  raw t=BUY  f=HOLD tech=HOLD  fused T=HOLD t=BUY  f=HOLD cf=BUY   → HOLD no-tech  k=+0.53 RSI=62  BANC×0.92  sugar lamp feed 0.24  eq $100000.00
[2026-09-21 22:30] 1.40280  raw t=HOLD f=HOLD tech=HOLD  fused T=HOLD t=HOLD f=HOLD cf=HOLD  → HOLD no-tech  k=+0.13 RSI=43  BANC×0.92  sugar lamp feed 0.24  eq $100000.00
[2026-09-22 05:10] 1.40250  raw t=HOLD f=HOLD tech=HOLD  fused T=HOLD t=HOLD f=HOLD cf=HOLD  → HOLD no-tech  k=-0.32 RSI=44  BANC×0.92  sugar lamp feed 0.24  eq $100000.00
[2026-09-22 11:50] 1.40409  raw t=HOLD f=HOLD tech=HOLD  fused T=HOLD t=HOLD f=HOLD cf=HOLD  → HOLD no-tech  k=+0.21 RSI=63  BANC×0.91  sugar lamp feed 0.24  eq $100000.00
[2026-09-22 18:30] 1.40640  raw t=HOLD f=HOLD tech=HOLD  fused T=HOLD t=HOLD f=HOLD cf=HOLD  → HOLD no-tech  k=+0.54 RSI=37  BANC×0.91  sugar lamp feed 0.24  eq $100000.00
[2026-09-23 01:10] 1.40712  raw t=HOLD f=HOLD tech=HOLD  fused T=HOLD t=HOLD f=HOLD cf=HOLD  → HOLD no-tech  k=+0.41 RSI=64  BANC×0.91  sugar lamp feed 0.24  eq $100000.00
adapt  saved C:\Workspace\FlyFOREXTrader\reports\adapt_payoff_USDCAD.json  bar 45%  skips 0  SL 2.40  TP 12.0  impulse>=0.50  RSI 52/48

──────── trade report (costs included) ────────
  # side   lots  conf    entry     exit    pips        USD  reason
──────────────────────────────────────────────
No setups passed the session / pullback / cost filters.
0 trades  0W/0L  win rate 0%  net +0.0 pips  net $+0.00
costs  spread≈$0.00  commission=$0.00  slippage=$0.00  swap=$0.00
account  start $100,000.00  balance $100,000.00  equity $100,000.00  margin $0.00  free $100,000.00  level n/a
leverage 1:100  rejected 0  stop-outs 0  avg 0.01 lots  return +0.000%
tax  model=no tax due on a net loss; the loss may carry forward depending on local rules  estimated due $0.00  after-tax $0.00  effective 0.0%
      estimate only - not tax advice; set --tax-rate / --tax-model for your jurisdiction
saved C:\Workspace\FlyFOREXTrader\reports\trades-USDCAD-20260923-000653.csv
